2001:218:3004::/48
2001:4f8:b::/48
2001:4f8:11::/48
2001:590:1006::/48
2001:671:fc00::/40
2001:671:fd00::/40
2001:671:fe00::/40
2001:671:ff00::/40
2001:678:264::/48
2001:678:934::/48
2001:678:f64::/48
2001:67c:b4::/48
2001:67c:144::/48
2001:67c:4e8::/48
2001:67c:bf0::/48
2001:67c:2c3c::/48
2001:67c:2ccc::/48
2001:b28:f23c::/47
2001:b28:f23c::/48
2001:b28:f23d::/48
2001:b28:f23f::/48
2001:c38:500a::/48
2001:dc1::/48
2001:df2:f8c0::/48
2001:df6:6880::/48
2001:3fc0:800::/40
2001:3fc1:8000::/36
2001:3fc2:8000::/36
2001:3fc3:800::/40
2001:3fc3:2800::/40
2001:3fc3:3000::/36
2001:3fc3:6800::/40
2001:3fc3:8800::/40
2001:3fc3:a800::/40
2001:3fc4:800::/40
2001:3fc5:800::/40
2001:3fc5:1000::/40
2001:3fc5:2000::/40
2001:3fc5:8800::/40
2001:3fc6::/55
2001:3fc6:1::/48
2001:3fc6:2::/48
2001:3fc6:8::/45
2001:3fc6:20::/43
2001:3fc6:100::/48
2001:3fc6:200::/40
2001:3fc7:800::/40
2001:3fc7:1800::/40
2001:3fc7:2800::/40
2001:3fc7:3000::/40
2001:3fc7:4800::/40
2001:3fc7:5800::/40
2001:3fc7:6800::/40
2001:3fc7:8800::/40
2001:3fc7:9800::/40
2001:3fc7:a800::/40
2001:3fc7:c800::/40
2001:3fc7:e800::/40
2001:3fc7:f400::/40
2001:3fc7:f800::/40
2001:41d0::/32
2001:41d0:ab00::/48
2001:41d0:ab01::/48
2001:41d0:ab02::/48
2001:41d0:ab03::/48
2001:41d0:ab04::/48
2001:41d0:ab05::/48
2001:41d0:ab06::/48
2001:41d0:ab07::/48
2001:41d0:ab08::/48
2001:41d0:ab09::/48
2001:41d0:ab0a::/48
2001:41d0:ab0b::/48
2001:41d0:ab0c::/48
2001:41d0:ab0e::/48
2001:41d0:ab0f::/48
2001:41d0:ab10::/48
2001:41d0:ab11::/48
2001:41d0:ab12::/48
2001:41d0:ab13::/48
2001:4450:40::/48
2001:4457:ff0::/48
2001:4546:1003::/48
2001:4860::/32
2001:4860:4820::/48
2001:4860:4821::/48
2001:4860:4822::/48
2001:4860:4823::/48
2001:4860:4824::/48
2001:4860:4825::/48
2001:4860:4826::/48
2001:4860:4827::/48
2001:4860:4828::/48
2001:4860:4829::/48
2001:4860:482a::/48
2001:4860:482b::/48
2001:4860:482c::/48
2001:4860:482d::/48
2001:4860:482e::/48
2001:4860:482f::/48
2001:4860:4830::/48
2001:4860:4831::/48
2001:4860:4832::/48
2001:4860:4833::/48
2001:4860:4840::/48
2001:4860:4841::/48
2001:4860:4842::/48
2001:4860:4843::/48
2001:4860:4844::/48
2001:4860:4845::/48
2001:4860:4846::/48
2001:4860:4847::/48
2001:4860:4848::/48
2001:4860:4849::/48
2001:4860:4864::/48
2001:4860:4864:4:8000::
2001:4860:4864:5::/64
2001:4860:4864:6::/64
2400:52e0:1e00::/48
2400:6180::/48
2400:6180:10::/48
2400:6180:100::/40
2400:6500::/32
2400:6680:f000::/36
2400:6700::/32
2400:7fc0::/40
2400:7fc0:110::/47
2400:7fc0:112::/48
2400:7fc0:200::/40
2400:7fc0:500::/40
2400:7fc0:2100::/40
2400:7fc0:2200::/40
2400:7fc0:2400::/40
2400:7fc0:2800::/40
2400:7fc0:2a00::/40
2400:7fc0:2c00::/40
2400:7fc0:2e80::/48
2400:7fc0:2f00::/40
2400:7fc0:3000::/40
2400:7fc0:4000::/40
2400:7fc0:4100::/48
2400:7fc0:6000::/40
2400:7fc0:8000::/36
2400:7fc0:a000::/36
2400:7fc0:bb00::/40
2400:7fc0:c000::/36
2400:7fc0:e800::/40
2400:7fc0:ea00::/39
2400:7fc0:ef00::/40
2400:7fc0:f300::/40
2400:9920::/32
2400:cb00::/32
2400:cb00:4::/48
2400:cb00:11::/48
2400:cb00:12::/48
2400:cb00:14::/46
2400:cb00:19::/48
2400:cb00:20::/46
2400:cb00:26::/47
2400:cb00:28::/47
2400:cb00:31::/48
2400:cb00:34::/47
2400:cb00:38::/47
2400:cb00:40::/47
2400:cb00:43::/48
2400:cb00:44::/46
2400:cb00:48::/47
2400:cb00:50::/45
2400:cb00:59::/48
2400:cb00:60::/47
2400:cb00:63::/48
2400:cb00:64::/46
2400:cb00:68::/47
2400:cb00:70::/45
2400:cb00:78::/47
2400:cb00:80::/47
2400:cb00:83::/48
2400:cb00:84::/46
2400:cb00:88::/47
2400:cb00:90::/48
2400:cb00:94::/46
2400:cb00:98::/48
2400:cb00:100::/48
2400:cb00:102::/47
2400:cb00:104::/48
2400:cb00:106::/47
2400:cb00:109::/48
2400:cb00:110::/45
2400:cb00:118::/47
2400:cb00:120::/45
2400:cb00:128::/47
2400:cb00:130::/48
2400:cb00:132::/48
2400:cb00:134::/46
2400:cb00:138::/47
2400:cb00:140::/45
2400:cb00:148::/47
2400:cb00:150::/46
2400:cb00:154::/47
2400:cb00:156::/48
2400:cb00:158::/47
2400:cb00:160::/46
2400:cb00:165::/48
2400:cb00:166::/47
2400:cb00:168::/47
2400:cb00:170::/48
2400:cb00:172::/47
2400:cb00:174::/47
2400:cb00:177::/48
2400:cb00:178::/47
2400:cb00:180::/47
2400:cb00:182::/48
2400:cb00:184::/46
2400:cb00:188::/47
2400:cb00:190::/45
2400:cb00:198::/47
2400:cb00:200::/46
2400:cb00:204::/48
2400:cb00:206::/47
2400:cb00:208::/47
2400:cb00:210::/45
2400:cb00:218::/47
2400:cb00:221::/48
2400:cb00:222::/48
2400:cb00:224::/48
2400:cb00:226::/47
2400:cb00:228::/47
2400:cb00:230::/46
2400:cb00:235::/48
2400:cb00:236::/47
2400:cb00:238::/47
2400:cb00:241::/48
2400:cb00:242::/47
2400:cb00:245::/48
2400:cb00:246::/47
2400:cb00:249::/48
2400:cb00:250::/47
2400:cb00:253::/48
2400:cb00:254::/46
2400:cb00:258::/48
2400:cb00:260::/47
2400:cb00:266::/47
2400:cb00:268::/47
2400:cb00:270::/48
2400:cb00:274::/47
2400:cb00:279::/48
2400:cb00:281::/48
2400:cb00:282::/47
2400:cb00:284::/47
2400:cb00:291::/48
2400:cb00:292::/48
2400:cb00:298::/47
2400:cb00:300::/47
2400:cb00:303::/48
2400:cb00:305::/48
2400:cb00:306::/48
2400:cb00:308::/48
2400:cb00:326::/48
2400:cb00:331::/48
2400:cb00:336::/47
2400:cb00:338::/47
2400:cb00:340::/46
2400:cb00:344::/48
2400:cb00:346::/47
2400:cb00:350::/48
2400:cb00:352::/48
2400:cb00:354::/48
2400:cb00:356::/47
2400:cb00:358::/47
2400:cb00:360::/48
2400:cb00:362::/47
2400:cb00:365::/48
2400:cb00:366::/47
2400:cb00:368::/47
2400:cb00:370::/48
2400:cb00:373::/48
2400:cb00:374::/48
2400:cb00:376::/47
2400:cb00:378::/48
2400:cb00:380::/47
2400:cb00:382::/48
2400:cb00:384::/47
2400:cb00:386::/48
2400:cb00:388::/48
2400:cb00:390::/46
2400:cb00:397::/48
2400:cb00:398::/47
2400:cb00:403::/48
2400:cb00:404::/47
2400:cb00:406::/48
2400:cb00:408::/47
2400:cb00:410::/46
2400:cb00:414::/47
2400:cb00:416::/48
2400:cb00:419::/48
2400:cb00:422::/47
2400:cb00:424::/47
2400:cb00:427::/48
2400:cb00:428::/47
2400:cb00:430::/46
2400:cb00:435::/48
2400:cb00:437::/48
2400:cb00:438::/47
2400:cb00:440::/47
2400:cb00:443::/48
2400:cb00:445::/48
2400:cb00:446::/47
2400:cb00:448::/48
2400:cb00:450::/46
2400:cb00:455::/48
2400:cb00:458::/48
2400:cb00:460::/48
2400:cb00:462::/47
2400:cb00:464::/46
2400:cb00:469::/48
2400:cb00:470::/47
2400:cb00:472::/48
2400:cb00:474::/46
2400:cb00:478::/47
2400:cb00:480::/45
2400:cb00:488::/47
2400:cb00:490::/46
2400:cb00:495::/48
2400:cb00:496::/47
2400:cb00:498::/48
2400:cb00:500::/48
2400:cb00:502::/47
2400:cb00:504::/48
2400:cb00:507::/48
2400:cb00:508::/47
2400:cb00:511::/48
2400:cb00:512::/47
2400:cb00:515::/48
2400:cb00:516::/48
2400:cb00:519::/48
2400:cb00:520::/47
2400:cb00:522::/48
2400:cb00:524::/46
2400:cb00:528::/47
2400:cb00:530::/48
2400:cb00:532::/47
2400:cb00:534::/48
2400:cb00:537::/48
2400:cb00:538::/48
2400:cb00:540::/46
2400:cb00:545::/48
2400:cb00:546::/47
2400:cb00:548::/47
2400:cb00:550::/47
2400:cb00:555::/48
2400:cb00:556::/47
2400:cb00:558::/47
2400:cb00:560::/47
2400:cb00:562::/48
2400:cb00:566::/47
2400:cb00:568::/48
2400:cb00:570::/46
2400:cb00:574::/48
2400:cb00:577::/48
2400:cb00:578::/47
2400:cb00:580::/46
2400:cb00:585::/48
2400:cb00:586::/47
2400:cb00:588::/47
2400:cb00:590::/46
2400:cb00:594::/47
2400:cb00:597::/48
2400:cb00:598::/47
2400:cb00:600::/47
2400:cb00:605::/48
2400:cb00:606::/47
2400:cb00:608::/47
2400:cb00:610::/46
2400:cb00:614::/48
2400:cb00:616::/47
2400:cb00:618::/47
2400:cb00:621::/48
2400:cb00:622::/47
2400:cb00:625::/48
2400:cb00:626::/47
2400:cb00:629::/48
2400:cb00:631::/48
2400:cb00:632::/47
2400:cb00:634::/48
2400:cb00:636::/47
2400:cb00:638::/47
2400:cb00:640::/46
2400:cb00:644::/47
2400:cb00:646::/48
2400:cb00:648::/47
2400:cb00:650::/46
2400:cb00:654::/47
2400:cb00:657::/48
2400:cb00:658::/47
2400:cb00:661::/48
2400:cb00:662::/47
2400:cb00:665::/48
2400:cb00:666::/48
2400:cb00:670::/45
2400:cb00:678::/47
2400:cb00:680::/47
2400:cb00:683::/48
2400:cb00:684::/47
2400:cb00:686::/48
2400:cb00:688::/48
2400:cb00:690::/47
2400:cb00:693::/48
2400:cb00:694::/47
2400:cb00:696::/48
2400:cb00:700::/48
2400:cb00:704::/48
2400:cb00:706::/47
2400:cb00:708::/48
2400:cb00:710::/45
2400:cb00:719::/48
2400:cb00:720::/45
2400:cb00:728::/47
2400:cb00:730::/46
2400:cb00:734::/47
2400:cb00:736::/48
2400:cb00:738::/48
2400:cb00:740::/46
2400:cb00:745::/48
2400:cb00:746::/48
2400:cb00:748::/48
2400:cb00:750::/47
2400:cb00:752::/48
2400:cb00:754::/47
2400:cb00:765::/48
2400:cb00:766::/47
2400:cb00:769::/48
2400:cb00:771::/48
2400:cb00:772::/47
2400:cb00:774::/46
2400:cb00:790::/47
2400:cb00:792::/48
2400:cb00:2049::/48
2400:cb00:3000::/48
2400:cb00:3006::/47
2400:cb00:3008::/47
2400:cb00:a1f0::/46
2400:cb00:a260::/47
2400:cb00:a2b0::/47
2400:cb00:a2c0::/47
2400:cb00:a2c2::/48
2400:cb00:a2e0::/47
2400:cb00:a320::/46
2400:cb00:a325::/48
2400:cb00:a326::/48
2400:cb00:a390::/47
2400:cb00:a400::/47
2400:cb00:a403::/48
2400:cb00:a404::/48
2400:cb00:a410::/46
2400:cb00:a430::/46
2400:cb00:a434::/48
2400:cb00:a460::/46
2400:cb00:a464::/48
2400:cb00:a480::/46
2400:cb00:a484::/48
2400:cb00:a490::/47
2400:cb00:a493::/48
2400:cb00:a494::/47
2400:cb00:a496::/48
2400:cb00:a4a0::/46
2400:cb00:a4a4::/47
2400:cb00:a4b0::/46
2400:cb00:a4c0::/47
2400:cb00:a4e0::/46
2400:cb00:a4e4::/47
2400:cb00:a4f0::/47
2400:cb00:a4f2::/48
2400:cb00:a510::/46
2400:cb00:a530::/46
2400:cb00:a550::/47
2400:cb00:a552::/48
2400:cb00:a570::/47
2400:cb00:a580::/47
2400:cb00:a590::/46
2400:cb00:a594::/47
2400:cb00:a600::/47
2400:cb00:a640::/48
2400:cb00:a642::/47
2400:cb00:a644::/48
2400:cb00:a670::/46
2400:cb00:a6a0::/46
2400:cb00:a6a4::/47
2400:cb00:a6a6::/48
2400:cb00:a710::/47
2400:cb00:a730::/46
2400:cb00:a760::/47
2400:cb00:a762::/48
2400:cb00:a7b0::/46
2400:cb00:a7b4::/47
2400:cb00:a7c0::/47
2400:cb00:a7c2::/48
2400:cb00:a800::/46
2400:cb00:a804::/47
2400:cb00:a840::/47
2400:cb00:a842::/48
2400:cb00:a870::/46
2400:cb00:a874::/47
2400:cb00:a880::/47
2400:cb00:a940::/47
2400:cb00:a970::/47
2400:cb00:a972::/48
2400:cb00:a980::/47
2400:cb00:a982::/48
2400:cb00:a9a0::/47
2400:cb00:a9a2::/48
2400:cb00:a9b0::/48
2400:cb00:a9b2::/48
2400:cb00:a9c0::/48
2400:cb00:a9f0::/47
2400:cb00:aa21::/48
2400:cb00:aa23::/48
2400:cb00:aa24::/48
2400:cb00:aa60::/47
2400:cb00:aa90::/47
2400:cb00:ab50::/46
2400:cb00:ab90::/47
2400:cb00:ab92::/48
2400:cb00:f00e::/48
2401:1d80:3000::/44
2401:1d80:3010::/45
2401:1d80:3018::/46
2401:1d80:3020::/44
2401:1d80:3030::/45
2401:1d80:3100::/44
2401:1d80:3110::/45
2401:1d80:3118::/46
2401:1d80:3120::/44
2401:1d80:3130::/45
2401:1d80:3200::/44
2401:1d80:3210::/45
2401:1d80:3218::/46
2401:1d80:3220::/44
2401:1d80:3230::/45
2401:1d80:3300::/44
2401:1d80:3310::/45
2401:1d80:3318::/46
2401:1d80:3320::/44
2401:1d80:3330::/45
2401:1d80:4000::/44
2401:1d80:4010::/45
2401:1d80:4018::/46
2401:1d80:4020::/45
2401:1d80:4030::/46
2401:1d80:4100::/44
2401:1d80:4110::/45
2401:1d80:4118::/46
2401:1d80:4120::/45
2401:1d80:4130::/46
2401:1d80:4200::/44
2401:1d80:4210::/45
2401:1d80:4218::/46
2401:1d80:4220::/45
2401:1d80:4230::/46
2401:1d80:4300::/44
2401:1d80:4310::/45
2401:1d80:4318::/46
2401:1d80:4320::/45
2401:1d80:4330::/46
2401:1d80:5008::/46
2401:1d80:5024::/46
2401:1d80:5108::/46
2401:1d80:5124::/46
2401:1d80:5208::/46
2401:1d80:5224::/46
2401:1d80:5308::/46
2401:1d80:5324::/46
2401:1d80:6008::/46
2401:1d80:6108::/46
2401:1d80:6208::/46
2401:1d80:6308::/46
2401:73c0:4::/48
2401:fa00:8000::/40
2402:1f00::/32
2402:1f00:8000::/40
2402:1f00:8100::/40
2402:1f00:8200::/40
2402:1f00:8300::/40
2402:1f00:8400::/48
2403:5f40:ca05::/48
2403:b300::/32
2403:e040:c000::/34
2404:6800::/32
2404:c2c0::/40
2404:c2c0:110::/47
2404:c2c0:112::/48
2404:c2c0:200::/40
2404:c2c0:500::/40
2404:c2c0:2100::/40
2404:c2c0:2200::/40
2404:c2c0:2400::/40
2404:c2c0:2600::/40
2404:c2c0:2800::/40
2404:c2c0:2a00::/40
2404:c2c0:2c00::/40
2404:c2c0:2e80::/48
2404:c2c0:2f00::/40
2404:c2c0:3000::/39
2404:c2c0:4000::/40
2404:c2c0:4100::/48
2404:c2c0:6000::/40
2404:c2c0:8000::/36
2404:c2c0:bb00::/40
2404:c2c0:c000::/36
2404:c2c0:e800::/40
2404:c2c0:ea00::/39
2404:c2c0:ef00::/40
2404:c2c0:f300::/40
2404:c800:8203::/48
2404:f340::/32
2405:8100::/32
2405:8100:8002::/48
2405:8100:8005::/48
2405:8100:c000::/38
2405:9600::/32
2405:9800:b::/48
2405:b500::/32
2406:840:e351::/48
2406:840:e354::/48
2406:840:e35d::/48
2406:3000:35::/48
2406:da00::/24
2406:da00:1000::/40
2406:da00:2000::/40
2406:da00:6000::/40
2406:da00:7000::/40
2406:da00:9000::/40
2406:da00:a000::/40
2406:da00:b000::/40
2406:da00:e000::/40
2406:da00:f000::/40
2406:da10:8000::/36
2406:da11::/36
2406:da12::/36
2406:da12:8000::/36
2406:da14::/35
2406:da14::/36
2406:da14:8000::/36
2406:da16::/36
2406:da17::/36
2406:da18::/35
2406:da18::/36
2406:da18:8000::/36
2406:da19::/36
2406:da1a::/35
2406:da1a::/36
2406:da1a:8000::/36
2406:da1b::/36
2406:da1c::/35
2406:da1c::/36
2406:da1c:8000::/36
2406:da1e::/36
2406:da1f::/36
2406:da20:8000::/36
2406:da21::/36
2406:da22::/36
2406:da22:8000::/36
2406:da24::/36
2406:da24:8000::/36
2406:da26::/36
2406:da27::/36
2406:da28::/36
2406:da28:8000::/36
2406:da29::/36
2406:da2a::/36
2406:da2a:8000::/36
2406:da2b::/36
2406:da2c::/36
2406:da2c:8000::/36
2406:da2e::/36
2406:da2f::/36
2406:da68:1000::/40
2406:da68:2000::/40
2406:da68:4000::/40
2406:da68:6000::/40
2406:da68:7000::/40
2406:da68:8000::/40
2406:da68:9000::/40
2406:da68:a000::/40
2406:da68:b000::/40
2406:da68:c000::/40
2406:da68:f000::/40
2406:da69:1000::/40
2406:da69:2000::/40
2406:da69:4000::/40
2406:da69:6000::/40
2406:da69:7000::/40
2406:da69:8000::/40
2406:da69:9000::/40
2406:da69:a000::/40
2406:da69:b000::/40
2406:da69:c000::/40
2406:da69:f000::/40
2406:da70:1000::/40
2406:da70:2000::/40
2406:da70:4000::/40
2406:da70:6000::/40
2406:da70:7000::/40
2406:da70:8000::/40
2406:da70:9000::/40
2406:da70:a000::/40
2406:da70:b000::/40
2406:da70:c000::/40
2406:da70:e000::/40
2406:da70:f000::/40
2406:daa0:1040::/44
2406:daa0:1080::/44
2406:daa0:10c0::/44
2406:daa0:2020::/44
2406:daa0:2040::/44
2406:daa0:2080::/44
2406:daa0:20c0::/44
2406:daa0:4010::/44
2406:daa0:4020::/44
2406:daa0:4040::/44
2406:daa0:4060::/44
2406:daa0:4080::/43
2406:daa0:40e0::/44
2406:daa0:6020::/44
2406:daa0:6060::/44
2406:daa0:60a0::/44
2406:daa0:7040::/44
2406:daa0:7080::/44
2406:daa0:70c0::/44
2406:daa0:8020::/44
2406:daa0:8080::/44
2406:daa0:80a0::/44
2406:daa0:80c0::/44
2406:daa0:9040::/44
2406:daa0:9080::/44
2406:daa0:90c0::/44
2406:daa0:a040::/44
2406:daa0:a080::/44
2406:daa0:a0c0::/44
2406:daa0:b040::/44
2406:daa0:b080::/44
2406:daa0:b0c0::/44
2406:daa0:c020::/44
2406:daa0:c060::/44
2406:daa0:c0a0::/44
2406:daa0:c0c0::/44
2406:daa0:e040::/44
2406:daa0:e080::/44
2406:daa0:e0c0::/44
2406:daa0:f040::/44
2406:daa0:f080::/44
2406:daa0:f0c0::/44
2407:30c0:101::/48
2407:30c0:102::/47
2407:30c0:104::/46
2407:30c0:108::/45
2407:30c0:110::/47
2409:8c00:2421:300::/56
2409:8c00:2421:400::/56
240f:8000:4000::/40
240f:8000:8000::/40
240f:8014::/36
240f:8018::/36
240f:80a0:4000::/40
240f:80a0:8000::/40
240f:80f8:4000::/40
240f:80f8:8000::/40
240f:80f9:4000::/40
240f:80f9:8000::/40
240f:80fa:4000::/40
240f:80fa:8000::/40
240f:80fc:4000::/40
240f:80fc:8000::/40
240f:80fe:4000::/40
240f:80fe:8000::/40
240f:80ff:4000::/40
240f:80ff:8000::/40
2600:1400::/24
2600:1406:1600::/48
2600:1900::/31
2600:1900:4000::/44
2600:1900:4010::/44
2600:1900:4020::/44
2600:1900:4030::/44
2600:1900:4040::/44
2600:1900:4050::/44
2600:1900:4060::/44
2600:1900:4070::/44
2600:1900:4080::/44
2600:1900:4090::/44
2600:1900:40a0::/44
2600:1900:40b0::/44
2600:1900:40c0::/44
2600:1900:40d0::/44
2600:1900:40e0::/44
2600:1900:40f0::/44
2600:1900:4120::/44
2600:1900:4140::/44
2600:1900:4150::/44
2600:1900:4160::/44
2600:1900:4170::/44
2600:1900:4180::/44
2600:1900:41a0::/44
2600:1900:41b0::/44
2600:1900:41c0::/44
2600:1900:41d0::/44
2600:1900:41e0::/44
2600:1900:4280::/44
2600:1900:4290::/44
2600:1900:42a0::/44
2600:1900:42c0::/44
2600:1900:42e0::/44
2600:1900:4700::/40
2600:1900:5400::/44
2600:1900:8000::/44
2600:1901::/32
2600:1901:4010::/44
2600:1901:4600::/40
2600:1901:8100::/44
2600:1901:8110::/44
2600:1901:8120::/44
2600:1901:8130::/44
2600:1901:8140::/44
2600:1901:8150::/44
2600:1901:8160::/44
2600:1901:8170::/44
2600:1901:8180::/44
2600:1901:8190::/44
2600:1901:81a0::/44
2600:1901:81b0::/44
2600:1901:81c0::/44
2600:1901:81f0::/44
2600:1901:bdd0::/44
2600:1901:c0a0::/44
2600:1901:c0b0::/44
2600:1901:c0c0::/44
2600:1901:c120::/44
2600:1901:ff80::/44
2600:1901:ffa0::/44
2600:1901:ffb0::/44
2600:1901:ffc0::/44
2600:1901:ffd0::/44
2600:1901:ffe0::/44
2600:1901:fff0::/44
2600:1902::/31
2600:1902::/44
2600:1902:20::/44
2600:1902:30::/44
2600:1902:40::/44
2600:1902:50::/44
2600:1902:60::/44
2600:1902:70::/44
2600:1902:90::/44
2600:1902:a0::/44
2600:1902:b0::/44
2600:1902:c0::/44
2600:1902:d0::/44
2600:1902:e0::/44
2600:1902:f0::/44
2600:1902:100::/44
2600:1902:110::/44
2600:1902:120::/44
2600:1902:130::/44
2600:1902:140::/44
2600:1902:150::/44
2600:1902:160::/44
2600:1902:170::/44
2600:1902:180::/44
2600:1902:190::/44
2600:1902:1a0::/44
2600:1902:1b0::/44
2600:1902:1d0::/44
2600:1902:1f0::/44
2600:1902:200::/44
2600:1902:210::/44
2600:1902:220::/44
2600:1902:230::/44
2600:1902:250::/44
2600:1902:260::/44
2600:1902:270::/44
2600:1902:280::/44
2600:1902:290::/44
2600:1902:2a0::/44
2600:1902:2b0::/44
2600:1902:2c0::/44
2600:1902:2f0::/44
2600:1902:300::/44
2600:1902:330::/44
2600:1902:350::/44
2600:1902:3a0::/44
2600:1902:3d0::/44
2600:1902:400::/44
2600:1902:410::/44
2600:1902:420::/44
2600:1902:490::/44
2600:1902:4e0::/44
2600:1902:4f0::/44
2600:1902:500::/44
2600:1902:520::/44
2600:1902:530::/44
2600:1902:550::/44
2600:1902:560::/44
2600:1902:590::/44
2600:1904::/30
2600:1904::/36
2600:1904:1000::/36
2600:1904:4000::/42
2600:1908::/29
2600:1f00::/24
2600:1f00:1000::/40
2600:1f00:3400::/40
2600:1f00:6000::/40
2600:1f00:a400::/40
2600:1f01:4800::/45
2600:1f01:4810::/47
2600:1f01:4814::/47
2600:1f01:481a::/47
2600:1f01:4820::/47
2600:1f01:4830::/47
2600:1f01:4840::/47
2600:1f01:4844::/47
2600:1f01:4850::/47
2600:1f01:4860::/47
2600:1f01:4870::/47
2600:1f01:4874::/47
2600:1f01:4880::/47
2600:1f01:4890::/47
2600:1f01:48a0::/47
2600:1f01:48b0::/47
2600:1f01:48c0::/47
2600:1f01:48d0::/46
2600:1f01:48e0::/46
2600:1f01:48f2::/47
2600:1f11::/36
2600:1f11:c000::/36
2600:1f13::/36
2600:1f13:4000::/36
2600:1f14::/34
2600:1f14::/35
2600:1f14:2000::/35
2600:1f14:4000::/36
2600:1f14:c000::/36
2600:1f15:4000::/36
2600:1f16::/34
2600:1f16::/35
2600:1f16::/36
2600:1f16:1000::/36
2600:1f16:2000::/35
2600:1f16:c000::/36
2600:1f17:4000::/36
2600:1f18:c000::/36
2600:1f1a:4000::/36
2600:1f1b:4000::/36
2600:1f1c::/36
2600:1f1c:4000::/36
2600:1f1d:4000::/36
2600:1f1e::/36
2600:1f1e:4000::/36
2600:1f1e:c000::/36
2600:1f1f::/36
2600:1f1f:4000::/36
2600:1f1f:c000::/36
2600:1f20:c000::/36
2600:1f21::/36
2600:1f23:4000::/36
2600:1f24::/36
2600:1f26::/36
2600:1f2a:4000::/36
2600:1f2c::/36
2600:1f2e::/36
2600:1f2e:4000::/36
2600:1f68:1000::/40
2600:1f68:3400::/40
2600:1f68:4000::/40
2600:1f68:6000::/40
2600:1f68:a400::/40
2600:1f68:c000::/40
2600:1f68:e000::/40
2600:1f69:1000::/40
2600:1f69:3400::/40
2600:1f69:4000::/40
2600:1f69:6000::/40
2600:1f69:a400::/40
2600:1f69:c000::/40
2600:1f69:e000::/40
2600:1f70:1000::/40
2600:1f70:4000::/40
2600:1f70:6000::/40
2600:1f70:c000::/40
2600:1f70:e000::/40
2600:1fa0:1020::/44
2600:1fa0:1040::/44
2600:1fa0:1080::/44
2600:1fa0:10c0::/44
2600:1fa0:3440::/44
2600:1fa0:3480::/44
2600:1fa0:34c0::/44
2600:1fa0:4010::/44
2600:1fa0:4020::/43
2600:1fa0:4040::/42
2600:1fa0:4080::/41
2600:1fa0:4100::/44
2600:1fa0:4140::/44
2600:1fa0:4180::/44
2600:1fa0:6020::/44
2600:1fa0:6040::/44
2600:1fa0:6060::/44
2600:1fa0:6080::/44
2600:1fa0:60a0::/44
2600:1fa0:60c0::/44
2600:1fa0:8010::/44
2600:1fa0:8020::/43
2600:1fa0:8040::/42
2600:1fa0:8080::/41
2600:1fa0:8100::/43
2600:1fa0:8120::/44
2600:1fa0:8140::/43
2600:1fa0:8160::/44
2600:1fa0:8180::/43
2600:1fa0:81a0::/44
2600:1fa0:81c0::/43
2600:1fa0:81e0::/44
2600:1fa0:a440::/44
2600:1fa0:a480::/44
2600:1fa0:a4c0::/44
2600:1fa0:c020::/44
2600:1fa0:c040::/44
2600:1fa0:c0c0::/44
2600:1fa0:e020::/44
2600:1fa0:e040::/44
2600:1fa0:e080::/44
2600:1fa0:e0c0::/44
2600:9000::/28
2600:9000:ddd::/48
2600:9000:eee::/48
2600:9000:fff::/48
2600:9000:1000::/36
2600:9000:1000::/48
2600:9000:1003::/48
2600:9000:1030::/48
2600:9000:107f::/48
2600:9000:1080::/48
2600:9000:1083::/48
2600:9000:1084::/48
2600:9000:108c::/48
2600:9000:108e::/47
2600:9000:1092::/47
2600:9000:1094::/47
2600:9000:1098::/45
2600:9000:10a0::/44
2600:9000:10b0::/47
2600:9000:10b2::/48
2600:9000:10b4::/46
2600:9000:10b8::/45
2600:9000:10c2::/47
2600:9000:10c4::/47
2600:9000:10c6::/48
2600:9000:10c8::/48
2600:9000:10cb::/48
2600:9000:10cd::/48
2600:9000:10ce::/47
2600:9000:10d0::/46
2600:9000:10d4::/48
2600:9000:10d6::/47
2600:9000:10d8::/47
2600:9000:10da::/48
2600:9000:10dc::/46
2600:9000:10e0::/46
2600:9000:10e4::/48
2600:9000:10e8::/46
2600:9000:10ec::/48
2600:9000:10ee::/47
2600:9000:10f0::/46
2600:9000:10f5::/48
2600:9000:10f6::/48
2600:9000:10f8::/45
2600:9000:1100::/47
2600:9000:1102::/48
2600:9000:1104::/48
2600:9000:1106::/47
2600:9000:1108::/47
2600:9000:110b::/48
2600:9000:110c::/46
2600:9000:1110::/47
2600:9000:1113::/48
2600:9000:1114::/46
2600:9000:1118::/47
2600:9000:111a::/48
2600:9000:111c::/46
2600:9000:1120::/48
2600:9000:1122::/47
2600:9000:1124::/47
2600:9000:1128::/46
2600:9000:112e::/48
2600:9000:1130::/47
2600:9000:1134::/48
2600:9000:1136::/47
2600:9000:1138::/48
2600:9000:113b::/48
2600:9000:113c::/48
2600:9000:113e::/47
2600:9000:1140::/46
2600:9000:1144::/47
2600:9000:1146::/48
2600:9000:1148::/48
2600:9000:114b::/48
2600:9000:1152::/48
2600:9000:1156::/47
2600:9000:1158::/46
2600:9000:115e::/48
2600:9000:1160::/45
2600:9000:1168::/46
2600:9000:1170::/45
2600:9000:1178::/48
2600:9000:117a::/48
2600:9000:117c::/48
2600:9000:117e::/48
2600:9000:1180::/48
2600:9000:1182::/47
2600:9000:1184::/48
2600:9000:1188::/46
2600:9000:118e::/47
2600:9000:1190::/46
2600:9000:1194::/48
2600:9000:1197::/48
2600:9000:1199::/48
2600:9000:119a::/48
2600:9000:119c::/46
2600:9000:11a0::/47
2600:9000:11a2::/48
2600:9000:11a5::/48
2600:9000:11a6::/47
2600:9000:11a8::/45
2600:9000:11b0::/46
2600:9000:11b6::/47
2600:9000:11ba::/47
2600:9000:11bd::/48
2600:9000:11bf::/48
2600:9000:11c1::/48
2600:9000:11c2::/47
2600:9000:11c4::/46
2600:9000:11c8::/47
2600:9000:11cb::/48
2600:9000:11cc::/46
2600:9000:11d1::/48
2600:9000:11d2::/47
2600:9000:11d4::/46
2600:9000:11d8::/46
2600:9000:11dc::/47
2600:9000:11df::/48
2600:9000:11e0::/45
2600:9000:11e8::/46
2600:9000:11ed::/48
2600:9000:11ee::/47
2600:9000:11f0::/46
2600:9000:11f5::/48
2600:9000:11f6::/47
2600:9000:11f9::/48
2600:9000:11fa::/47
2600:9000:11fc::/47
2600:9000:11ff::/48
2600:9000:1201::/48
2600:9000:1202::/47
2600:9000:1204::/47
2600:9000:1208::/48
2600:9000:1dfe::/47
2600:9000:1e00::/46
2600:9000:1e04::/47
2600:9000:1e06::/48
2600:9000:1e08::/47
2600:9000:1e0a::/48
2600:9000:1e0c::/46
2600:9000:1e11::/48
2600:9000:1e12::/48
2600:9000:1e14::/46
2600:9000:1e18::/45
2600:9000:1e20::/47
2600:9000:1e23::/48
2600:9000:1e24::/46
2600:9000:1e28::/46
2600:9000:1e2c::/47
2600:9000:1e2e::/48
2600:9000:1e30::/48
2600:9000:1e32::/47
2600:9000:1e34::/47
2600:9000:1e36::/48
2600:9000:1e38::/46
2600:9000:1e3c::/47
2600:9000:1e3f::/48
2600:9000:1e40::/47
2600:9000:1e42::/48
2600:9000:1e45::/48
2600:9000:1e46::/47
2600:9000:1e48::/45
2600:9000:1e50::/44
2600:9000:1e60::/46
2600:9000:1e64::/47
2600:9000:1e67::/48
2600:9000:1e68::/45
2600:9000:1e70::/46
2600:9000:1e75::/48
2600:9000:1e76::/47
2600:9000:1e78::/45
2600:9000:1e80::/44
2600:9000:1e91::/48
2600:9000:1e92::/47
2600:9000:1e94::/47
2600:9000:1e97::/48
2600:9000:1e98::/48
2600:9000:1e9b::/48
2600:9000:1e9c::/47
2600:9000:1e9f::/48
2600:9000:1ea0::/48
2600:9000:2000::/36
2600:9000:2000::/44
2600:9000:2010::/46
2600:9000:2015::/48
2600:9000:2016::/47
2600:9000:2018::/48
2600:9000:201a::/47
2600:9000:201c::/46
2600:9000:2020::/45
2600:9000:2028::/46
2600:9000:202d::/48
2600:9000:202e::/47
2600:9000:2030::/45
2600:9000:2038::/46
2600:9000:203d::/48
2600:9000:203e::/47
2600:9000:2040::/44
2600:9000:2050::/45
2600:9000:2058::/46
2600:9000:205c::/48
2600:9000:205e::/48
2600:9000:2060::/46
2600:9000:2064::/48
2600:9000:2066::/47
2600:9000:2068::/46
2600:9000:206c::/47
2600:9000:206f::/48
2600:9000:2070::/46
2600:9000:2076::/47
2600:9000:2079::/48
2600:9000:207a::/47
2600:9000:207c::/48
2600:9000:207e::/47
2600:9000:2080::/45
2600:9000:2088::/48
2600:9000:208a::/47
2600:9000:208c::/48
2600:9000:208e::/47
2600:9000:2090::/44
2600:9000:20a0::/47
2600:9000:20a2::/48
2600:9000:20a4::/46
2600:9000:20a8::/48
2600:9000:20a9::/48
2600:9000:20aa::/47
2600:9000:20ac::/47
2600:9000:20af::/48
2600:9000:20b1::/48
2600:9000:20b2::/47
2600:9000:20b4::/47
2600:9000:20b6::/48
2600:9000:20b8::/45
2600:9000:20c0::/45
2600:9000:20c8::/47
2600:9000:20cb::/48
2600:9000:20cc::/46
2600:9000:20d0::/45
2600:9000:20d8::/46
2600:9000:20dd::/48
2600:9000:20de::/47
2600:9000:20e0::/45
2600:9000:20e8::/47
2600:9000:20ea::/48
2600:9000:20ec::/46
2600:9000:20f0::/47
2600:9000:20f2::/48
2600:9000:20f4::/47
2600:9000:20f7::/48
2600:9000:20f8::/46
2600:9000:20fc::/47
2600:9000:20fe::/48
2600:9000:2100::/47
2600:9000:2103::/48
2600:9000:2104::/47
2600:9000:2106::/48
2600:9000:2108::/45
2600:9000:2110::/44
2600:9000:2121::/48
2600:9000:2122::/47
2600:9000:2124::/46
2600:9000:2128::/46
2600:9000:212c::/47
2600:9000:212f::/48
2600:9000:2130::/47
2600:9000:2133::/48
2600:9000:2134::/46
2600:9000:2138::/46
2600:9000:213d::/48
2600:9000:213e::/47
2600:9000:2140::/46
2600:9000:2144::/47
2600:9000:2146::/48
2600:9000:2148::/45
2600:9000:2150::/48
2600:9000:2152::/47
2600:9000:2154::/46
2600:9000:2159::/48
2600:9000:215b::/48
2600:9000:215c::/47
2600:9000:215f::/48
2600:9000:2160::/47
2600:9000:2163::/48
2600:9000:2164::/48
2600:9000:2166::/48
2600:9000:2168::/47
2600:9000:216b::/48
2600:9000:216d::/48
2600:9000:216e::/47
2600:9000:2170::/47
2600:9000:2173::/48
2600:9000:2174::/46
2600:9000:2178::/46
2600:9000:217c::/48
2600:9000:217e::/47
2600:9000:2180::/47
2600:9000:2183::/48
2600:9000:2184::/47
2600:9000:2186::/48
2600:9000:2189::/48
2600:9000:218a::/47
2600:9000:218c::/46
2600:9000:2190::/47
2600:9000:2193::/48
2600:9000:2194::/46
2600:9000:2198::/45
2600:9000:21a0::/48
2600:9000:21a2::/47
2600:9000:21a4::/46
2600:9000:21a8::/46
2600:9000:21ac::/47
2600:9000:21af::/48
2600:9000:21b0::/45
2600:9000:21b8::/48
2600:9000:21ba::/48
2600:9000:21bc::/46
2600:9000:21c0::/47
2600:9000:21c3::/48
2600:9000:21c4::/46
2600:9000:21c9::/48
2600:9000:21cc::/48
2600:9000:21ce::/47
2600:9000:21d0::/48
2600:9000:21d3::/48
2600:9000:21d4::/46
2600:9000:21da::/47
2600:9000:21dc::/46
2600:9000:21e0::/46
2600:9000:21e4::/48
2600:9000:21e7::/48
2600:9000:21e8::/46
2600:9000:21ed::/48
2600:9000:21ee::/47
2600:9000:21f0::/46
2600:9000:21f5::/48
2600:9000:21f7::/48
2600:9000:21f8::/45
2600:9000:2200::/41
2600:9000:2280::/42
2600:9000:22c0::/43
2600:9000:22e0::/47
2600:9000:22e3::/48
2600:9000:22e4::/48
2600:9000:22e6::/47
2600:9000:22e8::/46
2600:9000:22ee::/47
2600:9000:22f1::/48
2600:9000:22f2::/47
2600:9000:22f6::/47
2600:9000:22f8::/45
2600:9000:2300::/45
2600:9000:2308::/46
2600:9000:230c::/47
2600:9000:230f::/48
2600:9000:2310::/47
2600:9000:2312::/48
2600:9000:2314::/46
2600:9000:2318::/48
2600:9000:231a::/47
2600:9000:231c::/46
2600:9000:2320::/43
2600:9000:2340::/44
2600:9000:2350::/46
2600:9000:2354::/48
2600:9000:2356::/47
2600:9000:2358::/48
2600:9000:235a::/47
2600:9000:235c::/46
2600:9000:2360::/45
2600:9000:2368::/46
2600:9000:236c::/48
2600:9000:236e::/47
2600:9000:2370::/44
2600:9000:2380::/46
2600:9000:2384::/47
2600:9000:2386::/48
2600:9000:2388::/46
2600:9000:238c::/47
2600:9000:238e::/48
2600:9000:2390::/44
2600:9000:23a0::/47
2600:9000:23a5::/48
2600:9000:23a6::/47
2600:9000:23a8::/45
2600:9000:23b0::/44
2600:9000:23c0::/45
2600:9000:23c8::/46
2600:9000:23cc::/47
2600:9000:23d0::/45
2600:9000:23d8::/46
2600:9000:23dc::/48
2600:9000:23e1::/48
2600:9000:23e2::/47
2600:9000:23e4::/46
2600:9000:23e8::/46
2600:9000:23ec::/47
2600:9000:23ee::/48
2600:9000:23f0::/47
2600:9000:23f4::/46
2600:9000:23f8::/45
2600:9000:2400::/44
2600:9000:2410::/46
2600:9000:2416::/47
2600:9000:2418::/45
2600:9000:2421::/48
2600:9000:2422::/48
2600:9000:2424::/47
2600:9000:2427::/48
2600:9000:2428::/45
2600:9000:2430::/48
2600:9000:2432::/47
2600:9000:2434::/48
2600:9000:2436::/47
2600:9000:2438::/45
2600:9000:2440::/46
2600:9000:2444::/47
2600:9000:2447::/48
2600:9000:2448::/46
2600:9000:244c::/47
2600:9000:244f::/48
2600:9000:2450::/45
2600:9000:2458::/46
2600:9000:245d::/48
2600:9000:245e::/47
2600:9000:2460::/45
2600:9000:2468::/47
2600:9000:246b::/48
2600:9000:246c::/47
2600:9000:246f::/48
2600:9000:2470::/44
2600:9000:2480::/42
2600:9000:24c0::/43
2600:9000:24e0::/46
2600:9000:24e4::/47
2600:9000:24e6::/48
2600:9000:24e8::/45
2600:9000:24f0::/46
2600:9000:24f4::/47
2600:9000:24f7::/48
2600:9000:24f8::/45
2600:9000:2500::/43
2600:9000:2520::/45
2600:9000:2529::/48
2600:9000:252a::/47
2600:9000:252d::/48
2600:9000:252f::/48
2600:9000:2530::/44
2600:9000:2540::/45
2600:9000:2548::/46
2600:9000:254c::/47
2600:9000:254e::/48
2600:9000:2550::/44
2600:9000:2561::/48
2600:9000:2562::/47
2600:9000:2564::/46
2600:9000:2568::/45
2600:9000:2570::/46
2600:9000:2574::/47
2600:9000:2576::/48
2600:9000:2578::/45
2600:9000:2580::/45
2600:9000:2589::/48
2600:9000:258a::/47
2600:9000:258c::/47
2600:9000:2590::/45
2600:9000:2599::/48
2600:9000:259a::/47
2600:9000:259c::/47
2600:9000:259f::/48
2600:9000:25a0::/48
2600:9000:25a2::/47
2600:9000:25a4::/46
2600:9000:25a8::/46
2600:9000:25b1::/48
2600:9000:25b2::/47
2600:9000:25b4::/47
2600:9000:25b6::/48
2600:9000:25b9::/48
2600:9000:25bb::/48
2600:9000:25bc::/46
2600:9000:25c0::/45
2600:9000:25c8::/46
2600:9000:25cc::/48
2600:9000:25d6::/47
2600:9000:25da::/47
2600:9000:25dc::/46
2600:9000:25e0::/44
2600:9000:25f1::/48
2600:9000:25f2::/47
2600:9000:25f4::/46
2600:9000:25f7::/48
2600:9000:25f8::/45
2600:9000:2600::/46
2600:9000:2605::/48
2600:9000:2606::/47
2600:9000:2608::/45
2600:9000:2610::/44
2600:9000:2620::/43
2600:9000:2640::/45
2600:9000:2648::/46
2600:9000:264c::/48
2600:9000:264e::/47
2600:9000:2651::/48
2600:9000:2652::/47
2600:9000:2654::/46
2600:9000:2658::/46
2600:9000:265c::/47
2600:9000:265e::/48
2600:9000:2660::/48
2600:9000:2663::/48
2600:9000:2665::/48
2600:9000:2666::/47
2600:9000:2668::/45
2600:9000:2670::/48
2600:9000:2672::/48
2600:9000:2674::/48
2600:9000:2678::/48
2600:9000:267a::/48
2600:9000:267d::/48
2600:9000:267e::/47
2600:9000:2680::/45
2600:9000:2688::/46
2600:9000:268c::/48
2600:9000:268e::/47
2600:9000:2690::/47
2600:9000:2692::/48
2600:9000:2695::/48
2600:9000:2696::/47
2600:9000:2698::/45
2600:9000:26a0::/47
2600:9000:26a2::/48
2600:9000:26a5::/48
2600:9000:26a6::/47
2600:9000:26a8::/47
2600:9000:26aa::/48
2600:9000:26ac::/46
2600:9000:26b0::/44
2600:9000:26c0::/43
2600:9000:26e0::/46
2600:9000:26e4::/47
2600:9000:26e6::/48
2600:9000:26e8::/48
2600:9000:26f5::/48
2600:9000:26f6::/48
2600:9000:26f8::/48
2600:9000:26fa::/48
2600:9000:26fd::/48
2600:9000:26fe::/48
2600:9000:271f::/48
2600:9000:2720::/48
2600:9000:2724::/48
2600:9000:2749::/48
2600:9000:274d::/48
2600:9000:274e::/48
2600:9000:2750::/46
2600:9000:2755::/48
2600:9000:2756::/48
2600:9000:2759::/48
2600:9000:275a::/48
2600:9000:275d::/48
2600:9000:275e::/48
2600:9000:2761::/48
2600:9000:3000::/36
2600:9000:307f::/48
2600:9000:3080::/48
2600:9000:3083::/48
2600:9000:308c::/48
2600:9000:308e::/47
2600:9000:3093::/48
2600:9000:3094::/47
2600:9000:3098::/48
2600:9000:309b::/48
2600:9000:309c::/47
2600:9000:309e::/48
2600:9000:30a1::/48
2600:9000:30a2::/47
2600:9000:30a4::/47
2600:9000:30a6::/48
2600:9000:30a9::/48
2600:9000:30aa::/47
2600:9000:30ac::/46
2600:9000:30b0::/47
2600:9000:30b2::/48
2600:9000:30b5::/48
2600:9000:30b6::/47
2600:9000:30b8::/47
2600:9000:30bb::/48
2600:9000:30bc::/47
2600:9000:30bf::/48
2600:9000:30c2::/47
2600:9000:30c4::/47
2600:9000:30c6::/48
2600:9000:30cb::/48
2600:9000:30cd::/48
2600:9000:30ce::/47
2600:9000:30d1::/48
2600:9000:30d2::/47
2600:9000:30d4::/48
2600:9000:30d6::/47
2600:9000:30d8::/47
2600:9000:30da::/48
2600:9000:30dc::/47
2600:9000:30de::/48
2600:9000:30e0::/46
2600:9000:30e4::/48
2600:9000:30e8::/46
2600:9000:30ec::/48
2600:9000:30ee::/47
2600:9000:30f0::/48
2600:9000:30f2::/47
2600:9000:30f5::/48
2600:9000:30f6::/48
2600:9000:30f8::/48
2600:9000:30fa::/47
2600:9000:30fc::/47
2600:9000:30fe::/48
2600:9000:3102::/48
2600:9000:3107::/48
2600:9000:3109::/48
2600:9000:310b::/48
2600:9000:310c::/48
2600:9000:310e::/47
2600:9000:3110::/47
2600:9000:3113::/48
2600:9000:3114::/47
2600:9000:3116::/48
2600:9000:3118::/48
2600:9000:311a::/48
2600:9000:311c::/47
2600:9000:3125::/48
2600:9000:3129::/48
2600:9000:312a::/47
2600:9000:312e::/48
2600:9000:3130::/48
2600:9000:3134::/48
2600:9000:3137::/48
2600:9000:313b::/48
2600:9000:313c::/48
2600:9000:313e::/47
2600:9000:3140::/48
2600:9000:3145::/48
2600:9000:3146::/48
2600:9000:314b::/48
2600:9000:3156::/47
2600:9000:3158::/47
2600:9000:315b::/48
2600:9000:3160::/48
2600:9000:3162::/47
2600:9000:3165::/48
2600:9000:3166::/47
2600:9000:3168::/46
2600:9000:3170::/46
2600:9000:3175::/48
2600:9000:3176::/47
2600:9000:317a::/48
2600:9000:317e::/48
2600:9000:3180::/48
2600:9000:3182::/48
2600:9000:3184::/48
2600:9000:318a::/47
2600:9000:318f::/48
2600:9000:3190::/46
2600:9000:3194::/48
2600:9000:3197::/48
2600:9000:319e::/47
2600:9000:31a0::/47
2600:9000:31a2::/48
2600:9000:31a6::/47
2600:9000:31a8::/47
2600:9000:31aa::/48
2600:9000:31ac::/46
2600:9000:31b0::/48
2600:9000:31b2::/48
2600:9000:31b6::/47
2600:9000:31bd::/48
2600:9000:4000::/36
2600:9000:5200::/40
2600:9000:5300::/45
2600:9000:5308::/45
2600:9000:5310::/44
2600:9000:5320::/43
2600:9000:5340::/42
2600:9000:5380::/41
2600:9000:6000::/36
2600:9000:a100::/48
2600:9000:a102::/48
2600:9000:a104::/48
2600:9000:a120::/43
2600:9000:a140::/42
2600:9000:a1a0::/43
2600:9000:a1c0::/42
2600:9000:a200::/47
2600:9000:a210::/47
2600:9000:a300::/47
2600:9000:a310::/47
2600:9000:a400::/43
2600:9000:a500::/43
2600:9000:a600::/43
2600:9000:a700::/43
2600:9000:f000::/38
2600:9000:f210::/48
2600:9000:f400::/40
2600:9000:f500::/43
2600:9000:f520::/44
2600:9000:f534::/46
2600:9000:f538::/45
2600:9000:f540::/42
2600:9000:f580::/41
2600:9000:f600::/39
2600:9000:f800::/37
2600:f000::/24
2600:f0f0:10::/48
2600:f0f0:40::/48
2600:f0f0:81::/48
2600:f0f0:601::/48
2600:f0f0:602::/47
2600:f0f0:5500::/48
2600:f0f0:5504::/46
2600:f0f1:8802::/48
2601:1700:e100::/40
2601:1708::/32
2602:29e:a1::/48
2602:2b7:c44::/48
2602:808:4001::/48
2602:808:4002::/48
2602:808:a001::/48
2602:808:a002::/47
2602:808:a004::/47
2602:80a:2002::/48
2602:80a:200c::/48
2602:80a:f004::/46
2602:80f:9000::/48
2602:80f:9002::/48
2602:810:300c::/46
2602:812:b000::/48
2602:812:b002::/48
2602:815:3003::/48
2602:817:1::/48
2602:817:2::/47
2602:817:7::/48
2602:f4df:100::/40
2602:f7db::/44
2602:f93b:4000::/34
2602:f93b:8000::/34
2602:f93b:c000::/34
2602:f9e7:21::/48
2602:f9e7:22::/48
2602:fa36:4::/48
2602:fa36:6::/47
2602:fa36:8::/48
2602:fa66::/36
2602:fa6b::/40
2602:fb00:2::/47
2602:fb00:4::/48
2602:fb2a:d0::/46
2602:fb33::/47
2602:fb33:8::/47
2602:fb6a:111::/48
2602:fb6a:112::/47
2602:fb6a:114::/48
2602:fb7b:3f::/48
2602:fbd3::/48
2602:fca7:12::/48
2602:fcbc:2::/48
2602:fcd3:107::/48
2602:fd12::/48
2602:fd3a:224::/48
2602:fd3a:228::/48
2602:fd3a:22a::/47
2602:fd3a:22c::/47
2602:fd3a:22e::/48
2602:fdeb:4::/47
2602:fdeb:10::/47
2602:fdeb:14::/46
2602:fdeb:19::/48
2602:fdeb:21::/48
2602:fdeb:22::/47
2602:fdeb:24::/47
2602:fdeb:27::/48
2602:fdeb:28::/47
2602:fdeb:30::/45
2602:fdeb:38::/47
2602:fdeb:40::/48
2604:2dc0::/32
2604:2dc0:300::/48
2604:2dc0:301::/48
2604:2dc0:302::/48
2604:2dc0:303::/48
2604:2dc0:304::/48
2604:2dc0:305::/48
2604:2dc0:306::/48
2604:2dc0:307::/48
2604:2dc0:308::/48
2604:2dc0:309::/48
2604:2dc0:30a::/48
2604:2dc0:30b::/48
2604:2dc0:30c::/48
2604:4d40:2000::/36
2604:7440::/48
2604:a880::/47
2604:a880:2::/48
2604:a880:4::/46
2604:a880:8::/48
2604:a880:400::/48
2604:a880:800::/48
2604:a880:cad::/48
2604:d0c0:ae42::/47
2604:f700:1::/48
2605:2c40:400::/48
2605:32c0:a002::/47
2605:4300:2c13::/48
2605:6400:1::/48
2605:6400:2::/48
2605:6400:3::/48
2605:6400:10::/48
2605:6400:20::/48
2605:6400:30::/48
2605:6400:40::/48
2605:6400:300::/48
2605:6400:1001::/48
2605:6400:1002::/48
2605:6400:1003::/48
2605:6400:1004::/48
2605:6400:4000::/34
2605:6400:8000::/34
2605:6400:9001::/48
2605:6400:9002::/48
2605:6400:9003::/48
2605:6400:c000::/34
2605:6404::/32
2605:8380::/32
2605:9cc0:378::/48
2605:9cc0:c02::/48
2605:9cc0:1ff0::/56
2605:9cc0:1ff0:400::/54
2605:9cc0:1ff0:800::/55
2605:9cc0:1ff0:1000::/52
2605:9cc0:1ff0:2300::/56
2605:9cc0:1ff0:2800::/56
2605:9cc0:1ff0:2d00::/56
2605:9cc0:1ff0:3c00::/56
2605:9cc0:1ff0:4000::/54
2605:9cc0:1ff0:6000::/56
2605:9cc0:1ff0:7200::/56
2605:9cc0:1ff0:8000::/56
2605:9cc0:1ff0:8200::/56
2605:9cc0:1ff0:f800::/56
2605:9cc0:1fff:fc00::/54
2605:9cc0:f007::/48
2605:9cc0:f008::/47
2605:9cc0:f010::/48
2605:a7c0:101::/48
2605:a7c0:102::/47
2605:a7c0:104::/46
2605:a7c0:108::/46
2605:a7c0:10c::/47
2605:a7c0:111::/48
2605:a7c0:112::/47
2605:a7c0:114::/46
2605:a7c0:118::/46
2605:a7c0:11c::/47
2605:a7c0:121::/48
2605:a7c0:122::/47
2605:a7c0:124::/46
2605:a7c0:128::/46
2605:a7c0:12c::/47
2605:a7c0:131::/48
2605:a7c0:132::/47
2605:a7c0:134::/46
2605:a7c0:138::/46
2605:a7c0:13c::/47
2605:a7c0:141::/48
2605:a7c0:142::/47
2605:a7c0:144::/46
2605:a7c0:148::/46
2605:a7c0:14c::/47
2605:a7c0:151::/48
2605:a7c0:152::/47
2605:a7c0:154::/46
2605:a7c0:158::/46
2605:a7c0:15c::/47
2605:b140::/32
2605:c940::/32
2605:dd40:8260::/44
2605:dd40:8570::/44
2605:dd40:8700::/44
2605:dd40:8880::/44
2605:dd40:8990::/44
2605:dd40:8d00::/44
2605:dd40:8e00::/44
2605:dd40:8f00::/44
2605:dd40:8f80::/44
2605:dd40:8ff0::/44
2605:e240:b::/48
2605:ef80::/32
2606:40::/32
2606:2c0:3::/48
2606:2c0:4::/48
2606:f40::/32
2606:1f80:f000::/36
2606:3dc0:1::/48
2606:3dc0:2::/47
2606:3dc0:80::/42
2606:3dc0:801::/48
2606:3dc0:802::/47
2606:3dc0:880::/42
2606:3dc0:8c0::/42
2606:3dc0:2001::/48
2606:3dc0:2002::/47
2606:3dc0:2005::/48
2606:3dc0:2006::/47
2606:3dc0:2041::/48
2606:3dc0:2042::/47
2606:3dc0:2045::/48
2606:3dc0:2046::/47
2606:4700::/32
2606:4700::/36
2606:4700::/44
2606:4700:20::/44
2606:4700:103::/48
2606:4700:3000::/42
2606:4700:3037::/48
2606:4700:304f::/48
2606:4700:3055::/48
2606:4700:3056::/47
2606:4700:3108::/48
2606:4700:310c::/48
2606:4700:3110::/44
2606:4700:4000::/43
2606:4700:4020::/46
2606:4700:4024::/47
2606:4700:4031::/48
2606:4700:42c8::/45
2606:4700:43d8::/45
2606:4700:4400::/44
2606:4700:4700::/48
2606:4700:7000::/48
2606:4700:8390::/44
2606:4700:83b0::/44
2606:4700:85d0::/44
2606:4700:8ca0::/44
2606:4700:8d70::/44
2606:4700:8d90::/44
2606:4700:8dd0::/44
2606:4700:8de0::/44
2606:4700:90c0::/43
2606:4700:91b0::/44
2606:4700:9640::/44
2606:4700:9760::/44
2606:4700:99e0::/44
2606:4700:9a60::/44
2606:4700:9a90::/44
2606:4700:9ad0::/44
2606:4700:9ae0::/44
2606:4700:9b00::/44
2606:4700:9c60::/44
2606:4700:ff00::/48
2606:54c0::/32
2606:73c0::/32
2606:7740::/47
2606:7b40:901::/48
2606:7b40:903::/48
2606:7b40:9fc::/47
2606:7b40:a3e:200::/60
2606:7b40:a3e:270::/60
2606:7b40:a3e:280::/60
2606:7b40:1000:2000::/55
2606:7b40:1000:2270::/60
2606:7b40:1000:3000::/56
2606:7b40:1000:6200::/60
2606:7b40:1000:6220::/60
2606:7b40:1000:6240::/60
2606:7b40:1000:6280::/60
2606:7b40:1000:62a0::/60
2606:7b40:1000:62d0::/60
2606:7b40:1000:7000::/56
2606:7b40:1000:7200::/59
2606:7b40:1000:7220::/60
2606:7b40:1000:7240::/60
2606:7b40:1000:7270::/60
2606:7b40:1000:7280::/60
2606:7b40:1000:72a0::/60
2606:7b40:1000:72d0::/60
2606:7b40:1000:72e0::/60
2606:7b40:1000:8000::/56
2606:7b40:1042::/56
2606:7b40:1042:3200::/60
2606:7b40:10f4:3200::/60
2606:7b40:10f4:3220::/60
2606:7b40:10f4:3240::/60
2606:7b40:10f4:3280::/60
2606:7b40:10f4:32a0::/60
2606:7b40:10f4:32c0::/59
2606:7b40:10f4:32e0::/60
2606:7b40:10f8::/46
2606:7b40:10ff::/56
2606:7b40:10ff:7000::/56
2606:7b40:10ff:7270::/60
2606:7b40:10ff:8000::/56
2606:7b40:10ff:9000::/56
2606:7b40:10ff:a000::/56
2606:7b40:10ff:a200::/58
2606:7b40:10ff:a240::/59
2606:7b40:10ff:a270::/60
2606:7b40:10ff:a280::/59
2606:7b40:10ff:a2d0::/60
2606:7b40:10ff:a2e0::/60
2606:7b40:10ff:b000::/56
2606:7b40:10ff:c000::/56
2606:7b40:10ff:d000::/56
2606:7b40:10ff:d200::/58
2606:7b40:10ff:d240::/59
2606:7b40:10ff:d270::/60
2606:7b40:10ff:d280::/59
2606:7b40:10ff:d2d0::/60
2606:7b40:10ff:d2f0::/60
2606:7b40:10ff:e000::/56
2606:7b40:10ff:e270::/60
2606:7b40:10ff:f000::/56
2606:7b40:10ff:f270::/60
2606:7b40:10ff:ff00::/56
2606:7b40:1800::/40
2606:7b40:1a0f:c000::/60
2606:7b40:1a1f:c000::/60
2606:7b40:1a1f:c340::/60
2606:7b40:1a2c::/60
2606:7b40:1a2c:330::/60
2606:7b40:1a2f::/60
2606:7b40:1a2f:c000::/60
2606:7b40:1a2f:c200::/60
2606:7b40:1a2f:c240::/60
2606:7b40:1a2f:c310::/60
2606:7b40:1a2f:c320::/59
2606:7b40:1a2f:c340::/60
2606:7b40:1a3c:330::/60
2606:7b40:1a3f:4200::/60
2606:7b40:1a3f:4240::/60
2606:7b40:1a3f:c000::/60
2606:7b40:1a3f:c200::/60
2606:7b40:1a3f:c240::/60
2606:7b40:1a3f:c310::/60
2606:7b40:1a3f:c320::/59
2606:7b40:1a3f:c340::/60
2606:7b40:1a45:c000::/60
2606:7b40:1a45:c340::/60
2606:7b40:1a46:8000::/60
2606:7b40:1a46:c000::/60
2606:7b40:1a47:4000::/60
2606:7b40:1a47:4340::/60
2606:7b40:1a47:c000::/60
2606:7b40:1a49::/60
2606:7b40:1a49:340::/60
2606:7b40:1a4c::/60
2606:7b40:1a4c:330::/60
2606:7b40:1a4c:340::/60
2606:7b40:1a4c:c000::/60
2606:7b40:1a4d::/60
2606:7b40:1a4d:4000::/60
2606:7b40:1a4d:4340::/60
2606:7b40:1a4d:8000::/60
2606:7b40:1a4d:8340::/60
2606:7b40:1a4d:c000::/60
2606:7b40:1a4d:c340::/60
2606:7b40:1a4e::/60
2606:7b40:1a4e:340::/60
2606:7b40:1a4e:4000::/60
2606:7b40:1a4f::/60
2606:7b40:1a4f:340::/60
2606:7b40:1a4f:4000::/60
2606:7b40:1a4f:4200::/60
2606:7b40:1a4f:4240::/60
2606:7b40:1a4f:4340::/60
2606:7b40:1a4f:8000::/60
2606:7b40:1a4f:c000::/60
2606:7b40:1a4f:c200::/60
2606:7b40:1a4f:c240::/60
2606:7b40:1a4f:c310::/60
2606:7b40:1a4f:c320::/59
2606:7b40:1a4f:c340::/60
2606:7b40:1b00:500::/56
2606:7b40:1b00:600::/55
2606:7b40:1b05::/56
2606:7b40:1b05:4000::/56
2606:7b40:1b05:c000::/55
2606:7b40:1b06::/56
2606:7b40:1b06:4000::/56
2606:7b40:1b06:8000::/55
2606:7b40:1b06:c000::/56
2606:7b40:1b07::/55
2606:7b40:1b07:200::/56
2606:7b40:1b07:4000::/55
2606:7b40:1b07:4200::/56
2606:7b40:1b07:8000::/56
2606:7b40:1b07:c000::/56
2606:7b40:1b08::/55
2606:7b40:1b08:200::/56
2606:7b40:1b09::/54
2606:7b40:1b09:400::/55
2606:7b40:1b0c::/54
2606:7b40:1b0c:4000::/55
2606:7b40:1b0c:c000::/55
2606:7b40:1b0d::/55
2606:7b40:1b0d:4000::/55
2606:7b40:1b0d:4200::/56
2606:7b40:1b0d:8000::/54
2606:7b40:1b0d:c000::/55
2606:7b40:1b0d:c200::/56
2606:7b40:1b0e::/55
2606:7b40:1b0e:200::/56
2606:7b40:1b0e:4000::/56
2606:7b40:1b0f::/53
2606:7b40:1b0f:800::/56
2606:7b40:1b0f:4000::/54
2606:7b40:1b0f:8000::/55
2606:7b40:1b0f:c000::/54
2606:7b40:1b0f:ef00::/56
2606:7b40:1b0f:f000::/54
2606:7b40:1b0f:f400::/56
2606:7b40:1b0f:f800::/55
2606:7b40:1b0f:fa00::/56
2606:7b40:1b0f:fd00::/56
2606:7b40:1b10::/44
2606:7b40:1b20::/43
2606:7b40:1b40::/42
2606:7b40:1b80::/44
2606:7b40:1c00::/40
2606:7b40:1f00::/40
2606:7b40:3000:8000::/52
2606:7b40:3001:8000::/52
2606:7b40:3002::/56
2606:7b40:300a::/56
2606:7b40:300b::/54
2606:7b40:f000:1500::/56
2606:7b40:f000:1600::/55
2606:7bc0:1060::/47
2606:7bc0:1064::/48
2606:7bc0:1080::/47
2606:7bc0:1090::/46
2606:8140::/32
2606:9680:20c0::/48
2606:a440:5::/48
2606:cd40:1::/48
2606:cd40:41::/48
2606:dc00:ff00::/48
2606:dc00:ff02::/48
2606:f4c0:2000::/36
2606:f4c0:3000::/36
2606:f4c0:4000::/41
2606:f4c0:4080::/43
2606:f4c0:40a0::/44
2606:f4c0:40c0::/42
2606:f4c0:4100::/41
2606:f4c0:4180::/42
2606:f4c0:41c0::/43
2606:f4c0:41f0::/44
2606:f4c0:4200::/40
2606:f4c0:4300::/44
2606:f4c0:4320::/43
2606:f4c0:4340::/42
2606:f4c0:4380::/41
2606:f4c0:4400::/42
2606:f4c0:4450::/44
2606:f4c0:4460::/43
2606:f4c0:4480::/41
2606:f4c0:4500::/42
2606:f4c0:4540::/43
2606:f4c0:4560::/44
2606:f4c0:4580::/41
2606:f4c0:4600::/40
2606:f4c0:4700::/44
2606:f4c0:4720::/43
2606:f4c0:4740::/42
2606:f4c0:4780::/42
2606:f4c0:47c0::/44
2606:f4c0:47e0::/43
2606:f4c0:4800::/41
2606:f4c0:4880::/43
2606:f4c0:48a0::/44
2606:f4c0:48c0::/42
2606:f4c0:4910::/44
2606:f4c0:4920::/43
2606:f4c0:4940::/42
2606:f4c0:4980::/43
2606:f4c0:49b0::/44
2606:f4c0:49c0::/42
2606:f4c0:4a00::/43
2606:f4c0:4a20::/44
2606:f4c0:4a40::/42
2606:f4c0:4a80::/41
2606:f4c0:4b00::/42
2606:f4c0:4b40::/43
2606:f4c0:4b70::/44
2606:f4c0:4b80::/41
2606:f4c0:4c00::/41
2606:f4c0:4c80::/44
2606:f4c0:4ca0::/43
2606:f4c0:4cc0::/42
2606:f4c0:4d00::/41
2606:f4c0:4d80::/42
2606:f4c0:4dd0::/44
2606:f4c0:4de0::/43
2606:f4c0:4e00::/42
2606:f4c0:8400::/38
2606:f4c0:9000::/38
2606:f4c0:9400::/38
2606:f6c0:1::/48
2606:f6c0:3::/48
2606:f6c0:4::/47
2607:1c0:300::/40
2607:1c0:320::/44
2607:b40::/48
2607:5300::/32
2607:5300:603::/48
2607:5ac0::/47
2607:5ac0:6080::/48
2607:5f40:200::/48
2607:6d40:2000::/35
2607:6d40:4000::/36
2607:99c0::/40
2607:99c0:100::/40
2607:99c0:200::/40
2607:99c0:300::/40
2607:99c0:800::/40
2607:99c0:900::/40
2607:99c0:a00::/40
2607:d0c0:bffe::/47
2607:f8b0::/32
2607:fb90:c150::/48
2620:0:1c00::/40
2620:2b:e000::/48
2620:9c:a000::/48
2620:9d:6000::/48
2620:a5:6001::/48
2620:c3:e001::/48
2620:df:4002::/47
2620:df:4004::/46
2620:df:4008::/46
2620:df:400c::/47
2620:104:2041::/48
2620:107:3000::/47
2620:107:3001::/48
2620:107:3002::/64
2620:107:300f::/48
2620:107:4000::/64
2620:107:4000:2::/63
2620:107:4000:4::/63
2620:107:4000:9::/64
2620:107:4000:a::/64
2620:107:4000:40::/64
2620:107:4000:ff::/64
2620:107:4000:2000::/63
2620:107:4000:4000::/59
2620:107:4000:4100::/62
2620:107:4000:4104::/63
2620:107:4000:4200::/61
2620:107:4000:4208::/63
2620:107:4000:4700::/62
2620:107:4000:4704::/63
2620:107:4000:4800::/62
2620:107:4000:4c00::/56
2620:107:4000:7000::/55
2620:107:4000:7200::/56
2620:107:4000:7400::/56
2620:107:4000:7700::/56
2620:107:4000:7800::/56
2620:107:4000:7a00::/56
2620:107:4000:7c00::/56
2620:107:4000:8001::/64
2620:107:4000:8002::/64
2620:107:4000:8004::/64
2620:107:4000:8300::/56
2620:107:4000:8400::/54
2620:107:4000:8800::/55
2620:107:4000:8a00::/56
2620:107:4000:9000::/62
2620:107:4000:9005::/64
2620:107:4000:9006::/64
2620:107:4000:9009::/64
2620:107:4000:900a::/63
2620:107:4000:900c::/62
2620:107:4000:9010::/61
2620:107:4000:9018::/63
2620:107:4000:901b::/64
2620:107:4000:9900:50:80::/94
2620:107:4000:9900:50:84::/96
2620:107:4000:a080::/58
2620:107:4000:a840::/58
2620:107:4000:a880::/57
2620:107:4000:a900::/57
2620:107:4002::/47
2620:107:4004::/47
2620:107:4007::/64
2620:107:4008::/45
2620:108:7000::/44
2620:108:d000::/44
2620:10b:b008::/45
2620:10d:c090::/44
2620:116:800a::/48
2620:116:800c::/47
2620:116:800e::/48
2620:117:bff0::/44
2620:120:e000::/40
2620:121:5044::/48
2620:121:5050::/44
2620:121:5071::/48
2620:122:f003::/48
2620:127:f00a::/47
2620:127:f00e::/47
2620:12a:8000::/44
2620:134:600c::/48
2620:135:6000::/40
2620:135:6004::/48
2620:135:6007::/48
2620:135:6008::/48
2620:135:6009::/48
2620:135:600a::/48
2620:135:600b::/48
2620:135:600c::/48
2620:135:600d::/48
2620:135:600e::/48
2620:135:6041::/48
2620:1f7:c020::/48
2800:280:4001::/48
2800:3f0::/32
2803:4ed0::/32
2803:f800::/32
2803:f800:50::/45
2804:800::/32
2806:1030:cefe::/48
2806:1070:cefe::/48
2806:10b0:cefe::/48
2a00:e20:143::/48
2a00:e20:150::/46
2a00:1450::/29
2a00:1450::/32
2a00:1450:4000::/37
2a00:1450:4010::/48
2a00:18e0:5::/48
2a00:1fd0:ae41::/48
2a00:1fd0:ae42::/48
2a00:4bc0:2102::/47
2a00:4bc0:2104::/46
2a00:4bc0:2108::/48
2a00:4bc0:210a::/47
2a00:4bc0:210c::/48
2a00:4bc0:2110::/46
2a00:4bc0:2117::/48
2a00:4bc0:2118::/47
2a00:4bc0:211b::/48
2a00:4bc0:211c::/46
2a00:4bc0:2120::/48
2a00:4bc0:2122::/47
2a00:4bc0:2124::/46
2a00:4bc0:2128::/48
2a00:4bc0:212a::/47
2a00:4bc0:212c::/47
2a00:4bc0:212e::/48
2a00:4bc0:2130::/45
2a00:4bc0:2139::/48
2a00:4bc0:213a::/47
2a00:4bc0:213c::/46
2a00:4bc0:2140::/44
2a00:4bc0:2150::/48
2a00:4bc0:2152::/48
2a00:4bc0:2154::/46
2a00:4bc0:2158::/46
2a00:4bc0:215f::/48
2a00:4bc0:2160::/48
2a00:4bc0:2300::/40
2a00:4bc0:2400::/40
2a00:7c80::/32
2a00:7c81::/32
2a00:7c82::/32
2a00:7c83::/32
2a00:8c40:f000::/44
2a00:a401::/32
2a00:de61:100::/40
2a00:de61:200::/39
2a00:f020::/34
2a00:f020:e000::/35
2a01:280:6::/48
2a01:4f8::/31
2a01:4ff:ff01::/48
2a01:578::/32
2a01:620::/32
2a01:bb24:2::/48
2a01:bb24:102::/48
2a02:28::/32
2a02:28:1::/48
2a02:e00:ffec:4b8::1
2a02:20b3:100::/40
2a02:26f0::/29
2a02:5be0:6::/47
2a02:5be0:8::/48
2a02:6ea0:100::/40
2a02:6ea0:300::/40
2a02:6ea0:400::/40
2a02:6ea0:500::/40
2a02:6ea0:600::/40
2a02:6ea0:700::/40
2a02:6ea0:800::/40
2a02:6ea0:900::/40
2a02:6ea0:a00::/40
2a02:6ea0:b00::/40
2a02:6ea0:c00::/40
2a02:6ea0:d00::/40
2a02:6ea0:e00::/40
2a02:6ea0:f00::/40
2a02:6ea0:6100::/40
2a02:6ea0:6200::/40
2a02:6ea0:6300::/40
2a02:6ea0:6400::/40
2a02:6ea0:6500::/40
2a02:6ea0:6600::/40
2a02:6ea0:babe::/48
2a02:6ea0:c000::/40
2a02:6ea0:c100::/40
2a02:6ea0:c200::/40
2a02:6ea0:c300::/40
2a02:6ea0:c400::/40
2a02:6ea0:c500::/40
2a02:6ea0:c600::/40
2a02:6ea0:c700::/40
2a02:6ea0:c800::/40
2a02:6ea0:c900::/40
2a02:6ea0:ca00::/40
2a02:6ea0:cb00::/40
2a02:6ea0:cc00::/40
2a02:6ea0:cd00::/48
2a02:6ea0:cd77::/48
2a02:6ea0:ce00::/40
2a02:6ea0:cf00::/40
2a02:6ea0:d000::/40
2a02:6ea0:d100::/40
2a02:6ea0:d200::/40
2a02:6ea0:d300::/40
2a02:6ea0:d400::/40
2a02:6ea0:d500::/40
2a02:6ea0:d600::/40
2a02:6ea0:d700::/40
2a02:6ea0:d800::/40
2a02:6ea0:d900::/40
2a02:6ea0:da00::/40
2a02:6ea0:db00::/40
2a02:6ea0:dc00::/40
2a02:6ea0:dd00::/40
2a02:6ea0:de00::/40
2a02:6ea0:e000::/40
2a02:6ea0:e100::/40
2a02:6ea0:e200::/40
2a02:6ea0:e600::/40
2a02:6ea0:e700::/40
2a02:6ea0:e800::/40
2a02:6ea0:ea00::/40
2a02:6ea0:eb00::/40
2a02:6ea0:ec00::/40
2a02:6ea0:ed00::/40
2a02:6ea0:ef00::/40
2a02:6ea0:f000::/40
2a02:6ea0:f100::/40
2a02:6ea0:f200::/40
2a02:6ea0:f400::/40
2a02:6ea0:f500::/40
2a02:6ea0:f600::/40
2a02:6ea0:f700::/40
2a02:6ea0:f800::/40
2a02:6ea0:f900::/40
2a02:6ea0:fa00::/40
2a02:6ea0:fb00::/40
2a02:6ea0:fc00::/40
2a02:6ea0:fe00::/40
2a02:6ea0:ff00::/40
2a02:ef80::/48
2a03:1e03::/48
2a03:2880::/32
2a03:2880::/36
2a03:2880:1000::/36
2a03:2880:2000::/36
2a03:2880:3000::/36
2a03:2880:5000::/36
2a03:2880:7000::/36
2a03:2880:f001::/48
2a03:2880:f003::/48
2a03:2880:f004::/48
2a03:2880:f005::/48
2a03:2880:f007::/48
2a03:2880:f008::/48
2a03:2880:f00a::/48
2a03:2880:f00c::/48
2a03:2880:f00d::/48
2a03:2880:f00e::/48
2a03:2880:f00f::/48
2a03:2880:f010::/48
2a03:2880:f012::/48
2a03:2880:f013::/48
2a03:2880:f017::/48
2a03:2880:f019::/48
2a03:2880:f01c::/48
2a03:2880:f01d::/48
2a03:2880:f021::/48
2a03:2880:f023::/48
2a03:2880:f028::/48
2a03:2880:f02c::/48
2a03:2880:f031::/48
2a03:2880:f032::/48
2a03:2880:f034::/48
2a03:2880:f035::/48
2a03:2880:f036::/48
2a03:2880:f03a::/48
2a03:2880:f03d::/48
2a03:2880:f03f::/48
2a03:2880:f042::/48
2a03:2880:f043::/48
2a03:2880:f048::/48
2a03:2880:f04e::/48
2a03:2880:f050::/48
2a03:2880:f052::/48
2a03:2880:f053::/48
2a03:2880:f057::/48
2a03:2880:f058::/48
2a03:2880:f05b::/48
2a03:2880:f05e::/48
2a03:2880:f060::/48
2a03:2880:f061::/48
2a03:2880:f065::/48
2a03:2880:f066::/48
2a03:2880:f068::/48
2a03:2880:f06a::/48
2a03:2880:f06f::/48
2a03:2880:f070::/48
2a03:2880:f074::/48
2a03:2880:f078::/48
2a03:2880:f07d::/48
2a03:2880:f082::/48
2a03:2880:f083::/48
2a03:2880:f084::/48
2a03:2880:f085::/48
2a03:2880:f08e::/48
2a03:2880:f091::/48
2a03:2880:f0a5::/48
2a03:2880:f0a6::/48
2a03:2880:f0fc::/47
2a03:2880:f0fc::/48
2a03:2880:f0fd::/48
2a03:2880:f0ff::/48
2a03:2880:f101::/48
2a03:2880:f103::/48
2a03:2880:f104::/48
2a03:2880:f105::/48
2a03:2880:f107::/48
2a03:2880:f108::/48
2a03:2880:f10a::/48
2a03:2880:f10c::/48
2a03:2880:f10d::/48
2a03:2880:f10e::/48
2a03:2880:f10f::/48
2a03:2880:f110::/48
2a03:2880:f112::/48
2a03:2880:f113::/48
2a03:2880:f114::/48
2a03:2880:f115::/48
2a03:2880:f117::/48
2a03:2880:f119::/48
2a03:2880:f121::/48
2a03:2880:f123::/48
2a03:2880:f128::/48
2a03:2880:f12c::/48
2a03:2880:f131::/48
2a03:2880:f132::/48
2a03:2880:f134::/48
2a03:2880:f135::/48
2a03:2880:f136::/48
2a03:2880:f13a::/48
2a03:2880:f13d::/48
2a03:2880:f13f::/48
2a03:2880:f142::/48
2a03:2880:f148::/48
2a03:2880:f14e::/48
2a03:2880:f150::/48
2a03:2880:f152::/48
2a03:2880:f153::/48
2a03:2880:f157::/48
2a03:2880:f158::/48
2a03:2880:f15b::/48
2a03:2880:f15e::/48
2a03:2880:f160::/48
2a03:2880:f161::/48
2a03:2880:f162::/48
2a03:2880:f163::/48
2a03:2880:f165::/48
2a03:2880:f166::/48
2a03:2880:f169::/48
2a03:2880:f16d::/48
2a03:2880:f170::/48
2a03:2880:f171::/48
2a03:2880:f175::/48
2a03:2880:f176::/48
2a03:2880:f177::/48
2a03:2880:f178::/48
2a03:2880:f17b::/48
2a03:2880:f189::/48
2a03:2880:f18a::/48
2a03:2880:f1fc::/47
2a03:2880:f1fc::/48
2a03:2880:f1fd::/48
2a03:2880:f201::/48
2a03:2880:f202::/48
2a03:2880:f203::/48
2a03:2880:f204::/48
2a03:2880:f205::/48
2a03:2880:f207::/48
2a03:2880:f208::/48
2a03:2880:f20a::/48
2a03:2880:f20c::/48
2a03:2880:f20d::/48
2a03:2880:f20e::/48
2a03:2880:f20f::/48
2a03:2880:f212::/48
2a03:2880:f213::/48
2a03:2880:f214::/48
2a03:2880:f215::/48
2a03:2880:f219::/48
2a03:2880:f221::/48
2a03:2880:f223::/48
2a03:2880:f228::/48
2a03:2880:f22c::/48
2a03:2880:f231::/48
2a03:2880:f232::/48
2a03:2880:f234::/48
2a03:2880:f235::/48
2a03:2880:f236::/48
2a03:2880:f23a::/48
2a03:2880:f23d::/48
2a03:2880:f23f::/48
2a03:2880:f242::/48
2a03:2880:f248::/48
2a03:2880:f24e::/48
2a03:2880:f250::/48
2a03:2880:f252::/48
2a03:2880:f253::/48
2a03:2880:f257::/48
2a03:2880:f258::/48
2a03:2880:f25b::/48
2a03:2880:f25e::/48
2a03:2880:f260::/48
2a03:2880:f261::/48
2a03:2880:f262::/48
2a03:2880:f263::/48
2a03:2880:f265::/48
2a03:2880:f266::/48
2a03:2880:f269::/48
2a03:2880:f26d::/48
2a03:2880:f270::/48
2a03:2880:f271::/48
2a03:2880:f275::/48
2a03:2880:f276::/48
2a03:2880:f277::/48
2a03:2880:f278::/48
2a03:2880:f27b::/48
2a03:2880:f289::/48
2a03:2880:f28a::/48
2a03:2880:f311::/48
2a03:2880:f313::/48
2a03:2880:f315::/48
2a03:2880:f316::/48
2a03:2880:f31b::/48
2a03:2880:f31d::/48
2a03:2880:f31e::/48
2a03:2880:f32b::/48
2a03:2880:f32d::/48
2a03:2880:f32e::/48
2a03:2880:f32f::/48
2a03:2880:f330::/48
2a03:2880:f331::/48
2a03:2880:f332::/48
2a03:2880:f334::/48
2a03:2880:f335::/48
2a03:2880:f339::/48
2a03:2880:f33a::/48
2a03:2880:f33c::/48
2a03:2880:f342::/48
2a03:2880:f343::/48
2a03:2880:f345::/48
2a03:2880:f348::/48
2a03:2880:f349::/48
2a03:2880:f34b::/48
2a03:2880:f34c::/48
2a03:2880:f350::/48
2a03:2880:f351::/48
2a03:2880:f356::/48
2a03:2880:f357::/48
2a03:2880:f35a::/48
2a03:2880:f35d::/48
2a03:2880:f361::/48
2a03:2880:f362::/48
2a03:2880:f363::/48
2a03:2880:f364::/48
2a03:2880:f365::/48
2a03:2880:f366::/48
2a03:2880:f368::/48
2a03:2880:f369::/48
2a03:2880:f36a::/48
2a03:2880:f36b::/48
2a03:2880:f36c::/48
2a03:2880:f36d::/48
2a03:2880:f36e::/48
2a03:2880:f36f::/48
2a03:2880:f376::/48
2a03:2880:f377::/48
2a03:2880:f378::/48
2a03:2880:f37a::/48
2a03:2880:f37c::/48
2a03:2880:f37d::/48
2a03:2880:f37e::/48
2a03:2880:f380::/48
2a03:2880:f382::/48
2a03:2880:f800::/48
2a03:2880:f801::/48
2a03:2880:f802::/48
2a03:2880:f803::/48
2a03:2880:f804::/48
2a03:2880:f805::/48
2a03:2880:f806::/48
2a03:2880:f807::/48
2a03:2880:f808::/48
2a03:2880:f809::/48
2a03:2880:f80a::/48
2a03:2880:f80b::/48
2a03:2880:f80c::/48
2a03:2880:f80d::/48
2a03:2880:f80e::/48
2a03:2880:f80f::/48
2a03:2880:f810::/48
2a03:2880:f811::/48
2a03:2880:f812::/48
2a03:2880:f813::/48
2a03:2880:f814::/48
2a03:2880:f815::/48
2a03:2880:ff00::/47
2a03:2880:ff00::/48
2a03:2880:ff01::/48
2a03:2880:ff04::/47
2a03:2880:ff08::/47
2a03:2880:ff08::/48
2a03:2880:ff09::/48
2a03:2880:ff0a::/47
2a03:2880:ff0a::/48
2a03:2880:ff0b::/48
2a03:2880:ff0c::/47
2a03:2880:ff0c::/48
2a03:2880:ff10::/47
2a03:2880:ff10::/48
2a03:2880:ff11::/48
2a03:2881::/32
2a03:2881::/48
2a03:2881:1::/48
2a03:2881:2::/48
2a03:2881:3::/48
2a03:2881:4::/48
2a03:2881:5::/48
2a03:2881:6::/48
2a03:2881:7::/48
2a03:2881:8::/48
2a03:2881:9::/48
2a03:2881:a::/48
2a03:2881:b::/48
2a03:2881:c::/48
2a03:2881:d::/48
2a03:2881:f::/48
2a03:2881:10::/48
2a03:2881:12::/48
2a03:2881:13::/48
2a03:2881:1a::/48
2a03:2881:4000::/48
2a03:2881:4001::/48
2a03:2881:4002::/48
2a03:2881:4003::/48
2a03:2881:4004::/48
2a03:2887:ff00::/48
2a03:2887:ff02::/47
2a03:2887:ff04::/46
2a03:2887:ff09::/48
2a03:2887:ff0a::/48
2a03:2887:ff1b::/48
2a03:2887:ff1e::/48
2a03:2887:ff20::/48
2a03:2887:ff22::/47
2a03:2887:ff27::/48
2a03:2887:ff28::/46
2a03:2887:ff2e::/47
2a03:2887:ff30::/48
2a03:2887:ff33::/48
2a03:2887:ff37::/48
2a03:2887:ff38::/46
2a03:2887:ff3e::/47
2a03:2887:ff40::/46
2a03:2887:ff44::/47
2a03:2887:ff48::/46
2a03:2887:ff4d::/48
2a03:2887:ff4e::/47
2a03:2887:ff50::/45
2a03:2887:ff58::/47
2a03:2887:ff5a::/48
2a03:2887:ff5f::/48
2a03:2887:ff60::/48
2a03:2887:ff62::/47
2a03:2887:ff64::/46
2a03:2887:ff68::/46
2a03:2887:ff6f::/48
2a03:2887:ff70::/46
2a03:5640:f000::/42
2a03:5640:f040::/48
2a03:5640:f042::/48
2a03:5640:f045::/48
2a03:5640:f046::/47
2a03:5640:f048::/47
2a03:5640:f04a::/48
2a03:5640:f200::/43
2a03:5640:f220::/45
2a03:5640:f228::/46
2a03:5640:f22c::/48
2a03:5640:f302::/47
2a03:5640:f304::/46
2a03:5640:f308::/48
2a03:5640:f500::/48
2a03:5640:f502::/47
2a03:5640:f504::/47
2a03:5640:f507::/48
2a03:5640:f508::/45
2a03:5640:f510::/44
2a03:5640:f530::/46
2a03:5640:f534::/47
2a03:5640:f560::/48
2a03:5640:f570::/48
2a03:69c0:100::/40
2a03:83e0::/32
2a03:b0c0::/46
2a03:b0c0:fffc::/48
2a03:b0c0:ffff::/48
2a04:1f41::/45
2a04:1f41:1000::/47
2a04:1f41:1002::/48
2a04:1f41:1007::/48
2a04:2f81::/47
2a04:2f81:4::/47
2a04:4e40:2b00::/40
2a04:4e41::/34
2a04:4e41:100::/43
2a04:4e41:120::/43
2a04:4e41:180::/43
2a04:4e41:1c0::/43
2a04:4e41:1e0::/43
2a04:4e41:200::/40
2a04:4e41:400::/40
2a04:4e41:500::/40
2a04:4e41:600::/39
2a04:4e41:800::/39
2a04:4e41:a00::/39
2a04:4e41:e00::/39
2a04:4e41:1000::/39
2a04:4e41:1200::/43
2a04:4e41:1220::/43
2a04:4e41:1240::/43
2a04:4e41:1280::/43
2a04:4e41:12a0::/43
2a04:4e41:12c0::/43
2a04:4e41:12e0::/43
2a04:4e41:1300::/40
2a04:4e41:1400::/39
2a04:4e41:1600::/39
2a04:4e41:1800::/39
2a04:4e41:1b00::/40
2a04:4e41:1c00::/39
2a04:4e41:1e00::/40
2a04:4e41:1f00::/40
2a04:4e41:2000::/39
2a04:4e41:2200::/39
2a04:4e41:2400::/39
2a04:4e41:2600::/39
2a04:4e41:2800::/39
2a04:4e41:2a00::/39
2a04:4e41:2c00::/39
2a04:4e41:2e00::/39
2a04:4e41:3000::/39
2a04:4e41:3200::/39
2a04:4e41:3400::/39
2a04:4e41:3600::/39
2a04:4e41:3800::/39
2a04:4e41:3a00::/39
2a04:4e41:3c00::/39
2a04:4e41:3e00::/39
2a04:4e41:4000::/34
2a04:4e41:4100::/40
2a04:4e41:4200::/39
2a04:4e41:4400::/39
2a04:4e41:4600::/39
2a04:4e41:4800::/39
2a04:4e41:4a00::/39
2a04:4e41:4c20::/43
2a04:4e41:4c40::/43
2a04:4e41:4c60::/43
2a04:4e41:4c80::/43
2a04:4e41:4ca0::/43
2a04:4e41:4d00::/40
2a04:4e41:4e00::/39
2a04:4e41:5000::/39
2a04:4e41:5200::/39
2a04:4e41:5400::/39
2a04:4e41:5600::/39
2a04:4e41:5800::/40
2a04:4e41:5a00::/39
2a04:4e41:5c00::/39
2a04:4e41:5e00::/39
2a04:4e41:6000::/39
2a04:4e41:6200::/40
2a04:4e41:6300::/40
2a04:4e41:6400::/39
2a04:4e41:6800::/40
2a04:4e41:6900::/43
2a04:4e41:6920::/43
2a04:4e41:6a00::/39
2a04:4e41:6c00::/39
2a04:4e41:6e00::/39
2a04:4e41:7000::/39
2a04:4e41:7200::/39
2a04:4e41:7400::/39
2a04:4e41:7600::/39
2a04:4e41:7800::/39
2a04:4e42::/32
2a04:4e42:400::/48
2a04:4e42:1000::/36
2a04:4e42:2000::/36
2a04:4e42:3000::/36
2a04:4e42:4000::/36
2a04:4e42:5000::/36
2a04:4e42:6000::/36
2a04:4e42:7000::/36
2a04:4e42:8000::/36
2a04:4e42:9000::/36
2a04:4e42:a000::/36
2a04:4e42:b000::/36
2a04:4e42:c000::/36
2a04:4e42:d000::/36
2a04:4e42:f000::/36
2a04:5b81:2121::/48
2a04:5b82:2000::/48
2a04:9d40:f000::/36
2a04:b905::/48
2a05:d000::/25
2a05:d000:1000::/40
2a05:d000:2000::/40
2a05:d000:5000::/40
2a05:d000:6000::/40
2a05:d000:9000::/40
2a05:d000:a000::/40
2a05:d000:c000::/40
2a05:d000:e000::/40
2a05:d011::/36
2a05:d012::/36
2a05:d014::/35
2a05:d014:400::/38
2a05:d015::/36
2a05:d016::/36
2a05:d018::/35
2a05:d019::/36
2a05:d01a::/36
2a05:d01c::/35
2a05:d01c::/36
2a05:d01d::/36
2a05:d01e::/36
2a05:d021::/36
2a05:d022::/36
2a05:d024::/36
2a05:d025::/35
2a05:d026::/36
2a05:d028::/36
2a05:d029::/36
2a05:d02a::/36
2a05:d02c::/36
2a05:d02e::/36
2a05:d034:1000::/40
2a05:d034:2000::/40
2a05:d034:4000::/40
2a05:d034:5000::/40
2a05:d034:6000::/40
2a05:d034:8000::/40
2a05:d034:9000::/40
2a05:d034:a000::/40
2a05:d034:c000::/40
2a05:d034:e000::/40
2a05:d035:1000::/40
2a05:d035:2000::/40
2a05:d035:4000::/40
2a05:d035:5000::/40
2a05:d035:6000::/40
2a05:d035:8000::/40
2a05:d035:9000::/40
2a05:d035:a000::/40
2a05:d035:c000::/40
2a05:d035:e000::/40
2a05:d03a:1000::/40
2a05:d03a:2000::/40
2a05:d03a:4000::/40
2a05:d03a:6000::/40
2a05:d03a:8000::/40
2a05:d03a:9000::/40
2a05:d03a:a000::/40
2a05:d03a:c000::/40
2a05:d03a:e000::/40
2a05:d050:1040::/44
2a05:d050:1080::/44
2a05:d050:10c0::/44
2a05:d050:2040::/44
2a05:d050:2080::/44
2a05:d050:20c0::/44
2a05:d050:4020::/44
2a05:d050:4040::/44
2a05:d050:4080::/44
2a05:d050:40a0::/44
2a05:d050:40c0::/44
2a05:d050:5040::/44
2a05:d050:5080::/44
2a05:d050:50c0::/44
2a05:d050:6040::/44
2a05:d050:6080::/44
2a05:d050:60c0::/44
2a05:d050:8010::/44
2a05:d050:8020::/43
2a05:d050:8040::/43
2a05:d050:8060::/44
2a05:d050:80a0::/43
2a05:d050:80d0::/44
2a05:d050:80e0::/44
2a05:d050:9040::/44
2a05:d050:9080::/44
2a05:d050:90c0::/44
2a05:d050:a040::/44
2a05:d050:a080::/44
2a05:d050:a0c0::/44
2a05:d050:c040::/44
2a05:d050:c080::/44
2a05:d050:c0c0::/44
2a05:d050:e040::/44
2a05:d050:e080::/44
2a05:d050:e0c0::/44
2a06:3880::/29
2a06:56c1:1000::/48
2a06:5901:8000::/39
2a06:98c0::/29
2a06:98c0:1c00::/48
2a06:98c0:1c02::/47
2a06:98c0:1c04::/48
2a06:98c0:1c06::/47
2a06:98c0:1c08::/47
2a06:98c0:1c0a::/48
2a06:98c0:1c0c::/46
2a06:98c0:1c20::/45
2a06:98c0:1c28::/47
2a06:98c0:1c2a::/48
2a06:98c0:1c2c::/48
2a06:98c0:1c2f::/48
2a06:98c0:1c30::/48
2a06:98c0:1c32::/48
2a06:98c0:1c36::/47
2a06:98c0:1c38::/46
2a06:98c0:1c3c::/48
2a06:98c1:50::/45
2a06:98c1:58::/48
2a06:98c1:3100::/40
2a06:98c1:3100::/44
2a06:98c1:3120::/46
2a06:98c1:3122::/48
2a06:98c1:3200::/48
2a06:be80::/29
2a06:d641::/32
2a06:de00:10::/48
2a06:e881:650f::/48
2a06:e881:9200::/48
2a06:e881:9308::/48
2a06:e881:930a::/48
2a06:e881:9600::/48
2a06:e881:9700::/47
2a07:10c0:c57::/48
2a07:4407::/48
2a07:4f80:20::/48
2a07:5980::/29
2a07:8241::/36
2a09:e01::/32
2a09:7500::/29
2a09:9446::/32
2a09:bac0:4::/48
2a09:bac0:11::/48
2a09:bac0:12::/48
2a09:bac0:14::/46
2a09:bac0:19::/48
2a09:bac0:20::/46
2a09:bac0:26::/47
2a09:bac0:28::/47
2a09:bac0:31::/48
2a09:bac0:34::/47
2a09:bac0:38::/47
2a09:bac0:40::/48
2a09:bac0:43::/48
2a09:bac0:44::/46
2a09:bac0:48::/47
2a09:bac0:50::/47
2a09:bac0:52::/48
2a09:bac0:54::/48
2a09:bac0:56::/47
2a09:bac0:59::/48
2a09:bac0:60::/48
2a09:bac0:63::/48
2a09:bac0:64::/46
2a09:bac0:68::/47
2a09:bac0:70::/45
2a09:bac0:78::/47
2a09:bac0:80::/47
2a09:bac0:83::/48
2a09:bac0:84::/47
2a09:bac0:87::/48
2a09:bac0:88::/47
2a09:bac0:94::/48
2a09:bac0:96::/47
2a09:bac0:98::/48
2a09:bac0:100::/48
2a09:bac0:102::/47
2a09:bac0:106::/47
2a09:bac0:109::/48
2a09:bac0:113::/48
2a09:bac0:114::/47
2a09:bac0:116::/48
2a09:bac0:118::/47
2a09:bac0:120::/47
2a09:bac0:123::/48
2a09:bac0:124::/47
2a09:bac0:126::/48
2a09:bac0:128::/48
2a09:bac0:130::/48
2a09:bac0:132::/48
2a09:bac0:134::/46
2a09:bac0:138::/48
2a09:bac0:143::/48
2a09:bac0:144::/47
2a09:bac0:148::/47
2a09:bac0:151::/48
2a09:bac0:152::/47
2a09:bac0:154::/47
2a09:bac0:156::/48
2a09:bac0:158::/47
2a09:bac0:160::/48
2a09:bac0:162::/47
2a09:bac0:165::/48
2a09:bac0:166::/47
2a09:bac0:168::/47
2a09:bac0:172::/48
2a09:bac0:174::/48
2a09:bac0:181::/48
2a09:bac0:184::/47
2a09:bac0:189::/48
2a09:bac0:191::/48
2a09:bac0:192::/47
2a09:bac0:194::/48
2a09:bac0:196::/47
2a09:bac0:199::/48
2a09:bac0:201::/48
2a09:bac0:202::/47
2a09:bac0:204::/47
2a09:bac0:212::/47
2a09:bac0:216::/47
2a09:bac0:218::/48
2a09:bac0:227::/48
2a09:bac0:228::/48
2a09:bac0:232::/48
2a09:bac0:237::/48
2a09:bac0:242::/47
2a09:bac0:246::/48
2a09:bac0:251::/48
2a09:bac0:253::/48
2a09:bac0:254::/48
2a09:bac0:268::/47
2a09:bac0:270::/48
2a09:bac0:275::/48
2a09:bac0:281::/48
2a09:bac0:282::/47
2a09:bac0:284::/47
2a09:bac0:298::/47
2a09:bac0:301::/48
2a09:bac0:308::/48
2a09:bac0:336::/47
2a09:bac0:338::/47
2a09:bac0:341::/48
2a09:bac0:343::/48
2a09:bac0:346::/48
2a09:bac0:352::/48
2a09:bac0:358::/48
2a09:bac0:360::/48
2a09:bac0:373::/48
2a09:bac0:374::/48
2a09:bac0:376::/48
2a09:bac0:378::/48
2a09:bac0:380::/47
2a09:bac0:382::/48
2a09:bac0:384::/47
2a09:bac0:388::/48
2a09:bac0:390::/46
2a09:bac0:403::/48
2a09:bac0:404::/48
2a09:bac0:408::/48
2a09:bac0:411::/48
2a09:bac0:412::/48
2a09:bac0:423::/48
2a09:bac0:428::/48
2a09:bac0:431::/48
2a09:bac0:433::/48
2a09:bac0:439::/48
2a09:bac0:441::/48
2a09:bac0:443::/48
2a09:bac0:445::/48
2a09:bac0:448::/48
2a09:bac0:450::/47
2a09:bac0:453::/48
2a09:bac0:455::/48
2a09:bac0:458::/48
2a09:bac0:462::/48
2a09:bac0:464::/48
2a09:bac0:466::/47
2a09:bac0:469::/48
2a09:bac0:470::/48
2a09:bac0:472::/48
2a09:bac0:476::/47
2a09:bac0:478::/47
2a09:bac0:481::/48
2a09:bac0:483::/48
2a09:bac0:485::/48
2a09:bac0:497::/48
2a09:bac0:507::/48
2a09:bac0:522::/48
2a09:bac0:525::/48
2a09:bac0:532::/47
2a09:bac0:534::/48
2a09:bac0:537::/48
2a09:bac0:538::/48
2a09:bac0:541::/48
2a09:bac0:542::/47
2a09:bac0:545::/48
2a09:bac0:557::/48
2a09:bac0:558::/47
2a09:bac0:566::/47
2a09:bac0:572::/47
2a09:bac0:574::/48
2a09:bac0:577::/48
2a09:bac0:578::/47
2a09:bac0:581::/48
2a09:bac0:582::/47
2a09:bac0:594::/48
2a09:bac0:597::/48
2a09:bac0:598::/48
2a09:bac0:601::/48
2a09:bac0:612::/48
2a09:bac0:618::/47
2a09:bac0:626::/48
2a09:bac0:629::/48
2a09:bac0:631::/48
2a09:bac0:632::/47
2a09:bac0:636::/47
2a09:bac0:641::/48
2a09:bac0:646::/48
2a09:bac0:649::/48
2a09:bac0:650::/48
2a09:bac0:658::/48
2a09:bac0:663::/48
2a09:bac0:670::/48
2a09:bac0:677::/48
2a09:bac0:679::/48
2a09:bac0:684::/48
2a09:bac0:693::/48
2a09:bac0:694::/48
2a09:bac0:704::/48
2a09:bac0:711::/48
2a09:bac0:712::/48
2a09:bac0:721::/48
2a09:bac0:724::/47
2a09:bac0:735::/48
2a09:bac0:748::/48
2a09:bac0:1000::/47
2a09:bac0:1008::/45
2a09:bac1::/32
2a09:bac2::/31
2a09:bac4::/30
2a09:ea00::/46
2a0a:144:400::/48
2a0a:2698::/32
2a0a:2b00:20::/48
2a0a:2d02:1000::/48
2a0a:2d02:3000::/48
2a0a:2d02:4000::/48
2a0a:2d02:5000::/48
2a0a:4540:220::/48
2a0a:4540:1000::/48
2a0a:4a40:10::/48
2a0a:6043:1::/48
2a0a:d880:102::/48
2a0a:f280::/32
2a0b:b87:ffb0::/48
2a0b:2900:ff07::/48
2a0b:2d82::/32
2a0b:4080::/48
2a0b:4581::/48
2a0b:71c0::/29
2a0b:8780::/48
2a0c:9e40:3::/48
2a0c:b280::/48
2a0d:2146:848a::/48
2a0d:2d80::/32
2a0d:d600:100::/46
2a0d:d600:b00::/46
2a0d:d600:c00::/46
2a0d:d600:d00::/46
2a0d:d600:e00::/46
2a0d:d600:1000::/46
2a0d:d600:8100::/47
2a0d:d600:8b00::/47
2a0d:d600:8c00::/47
2a0d:d600:8d00::/47
2a0d:d600:8e00::/47
2a0d:d600:9000::/47
2a0e:b107:e70::/48
2a0e:b107:19a0::/48
2a0e:fd45:2f50::/48
2a0e:fd80:a03::/48
2a0e:fd80:a04::/47
2a0f:340::/29
2a0f:1c80::/29
2a0f:3044::/32
2a0f:3045::/32
2a0f:5707:ba0e::/47
2a0f:7d05::/32
2a0f:8442::/32
2a0f:9400:6150::/48
2a0f:9400:7a00::/40
2a0f:9a80::/29
2a0f:aac0::/47
2a0f:ca80:617::/48
2a0f:ca80:618::/48
2a0f:e380::/48
2a0f:ff40:c0f3::/48
2a10:2307:ffff::/48
2a10:a100::/32
2a10:a200::/48
2a10:a700:100::/48
2a10:ba00:bee5::/48
2a11:2304::/37
2a11:29c0:3e00::/48
2a11:5ec0::/48
2a11:9c80::/29
2a11:bd80::/32
2a12:1b80::/32
2a12:2240::/29
2a12:3e40::/48
2a12:7280::/29
2a12:a900:1::/48
2a12:dd47:3c00::/48
2a12:e341::/32
2a13:141:3::/48
2a13:14c1::/40
2a13:27c0:10::/44
2a13:2e00:1::/48
2a13:2e00:2::/47
2a13:2e00:4::/46
2a13:2e00:8::/47
2a13:2e00:41::/48
2a13:2e00:42::/47
2a13:2e00:44::/46
2a13:2e00:48::/47
2a13:2e01:1::/48
2a13:2e01:2::/47
2a13:2e01:4::/46
2a13:2e01:8::/47
2a13:2e01:41::/48
2a13:2e01:42::/47
2a13:2e01:44::/46
2a13:2e01:48::/47
2a13:5241::/40
2a13:5941::/46
2a13:5941:4::/47
2a13:5941:6::/48
2a13:5a47:1000::/36
2a13:5a47:2000::/35
2a13:7c40:1::/48
2a13:7c40:2::/48
2a13:7f00::/46
2a13:7f00:4::/47
2a13:7f00:7::/48
2a13:85c0::/47
2a13:85c0:10::/47
2a13:85c0:20::/47
2a13:88c0::/29
2a13:9500:ac::/48
2a14:2a00::/40
2a14:7580:e451::/48
2a14:7580:e4d0::/48
2a14:7581:d101::/48
2a14:7581:d102::/48
2a14:7581:d103::/48
2a14:7581:d104::/48
2a14:b580::/40
2a14:f181:200::/40
2c0f:ef78:3::/48
2c0f:ef78:5::/48
2c0f:ef78:9::/48
2c0f:ef78:c::/47
2c0f:ef78:10::/47
2c0f:f248::/32
2c0f:fb50::/32
